Archive member included because of file (symbol)

C:\Users\Apipol\Documents\LPCXpresso_7.3.0_186\workspace\lpc_board_nxp_lpcxpresso_1769\Debug\liblpc_board_nxp_lpcxpresso_1769.a(board.o)
                              ./src/intersection/mode.o (Board_LED_Toggle)
C:\Users\Apipol\Documents\LPCXpresso_7.3.0_186\workspace\lpc_board_nxp_lpcxpresso_1769\Debug\liblpc_board_nxp_lpcxpresso_1769.a(board_sysinit.o)
                              ./src/sysinit.o (Board_SystemInit)
C:\Users\Apipol\Documents\LPCXpresso_7.3.0_186\workspace\lpc_chip_175x_6x\Debug\liblpc_chip_175x_6x.a(chip_17xx_40xx.o)
                              ./src/main.o (SystemCoreClockUpdate)
C:\Users\Apipol\Documents\LPCXpresso_7.3.0_186\workspace\lpc_chip_175x_6x\Debug\liblpc_chip_175x_6x.a(clock_17xx_40xx.o)
                              C:\Users\Apipol\Documents\LPCXpresso_7.3.0_186\workspace\lpc_chip_175x_6x\Debug\liblpc_chip_175x_6x.a(chip_17xx_40xx.o) (Chip_Clock_EnablePLL)
C:\Users\Apipol\Documents\LPCXpresso_7.3.0_186\workspace\lpc_chip_175x_6x\Debug\liblpc_chip_175x_6x.a(i2s_17xx_40xx.o)
                              C:\Users\Apipol\Documents\LPCXpresso_7.3.0_186\workspace\lpc_board_nxp_lpcxpresso_1769\Debug\liblpc_board_nxp_lpcxpresso_1769.a(board.o) (Chip_I2S_Init)
C:\Users\Apipol\Documents\LPCXpresso_7.3.0_186\workspace\lpc_chip_175x_6x\Debug\liblpc_chip_175x_6x.a(iocon_17xx_40xx.o)
                              C:\Users\Apipol\Documents\LPCXpresso_7.3.0_186\workspace\lpc_board_nxp_lpcxpresso_1769\Debug\liblpc_board_nxp_lpcxpresso_1769.a(board.o) (Chip_IOCON_PinMux)
C:\Users\Apipol\Documents\LPCXpresso_7.3.0_186\workspace\lpc_chip_175x_6x\Debug\liblpc_chip_175x_6x.a(sysinit_17xx_40xx.o)
                              C:\Users\Apipol\Documents\LPCXpresso_7.3.0_186\workspace\lpc_board_nxp_lpcxpresso_1769\Debug\liblpc_board_nxp_lpcxpresso_1769.a(board_sysinit.o) (Chip_SetupXtalClocking)
C:\Users\Apipol\Documents\LPCXpresso_7.3.0_186\workspace\lpc_chip_175x_6x\Debug\liblpc_chip_175x_6x.a(timer_17xx_40xx.o)
                              ./src/util/timer.o (Chip_TIMER_Init)
C:\Users\Apipol\Documents\LPCXpresso_7.3.0_186\workspace\lpc_chip_175x_6x\Debug\liblpc_chip_175x_6x.a(uart_17xx_40xx.o)
                              C:\Users\Apipol\Documents\LPCXpresso_7.3.0_186\workspace\lpc_board_nxp_lpcxpresso_1769\Debug\liblpc_board_nxp_lpcxpresso_1769.a(board.o) (Chip_UART_TXEnable)
C:\Users\Apipol\Documents\LPCXpresso_7.3.0_186\workspace\lpc_chip_175x_6x\Debug\liblpc_chip_175x_6x.a(ring_buffer.o)
                              C:\Users\Apipol\Documents\LPCXpresso_7.3.0_186\workspace\lpc_chip_175x_6x\Debug\liblpc_chip_175x_6x.a(uart_17xx_40xx.o) (RingBuffer_Insert)
d:/program/lpcxpresso_7.3.0_186/lpcxpresso/tools/bin/../lib/gcc/arm-none-eabi/4.8.4/armv7-m\libgcc.a(_aeabi_uldivmod.o)
                              C:\Users\Apipol\Documents\LPCXpresso_7.3.0_186\workspace\lpc_chip_175x_6x\Debug\liblpc_chip_175x_6x.a(i2s_17xx_40xx.o) (__aeabi_uldivmod)
d:/program/lpcxpresso_7.3.0_186/lpcxpresso/tools/bin/../lib/gcc/arm-none-eabi/4.8.4/armv7-m\libgcc.a(bpabi.o)
                              d:/program/lpcxpresso_7.3.0_186/lpcxpresso/tools/bin/../lib/gcc/arm-none-eabi/4.8.4/armv7-m\libgcc.a(_aeabi_uldivmod.o) (__gnu_uldivmod_helper)
d:/program/lpcxpresso_7.3.0_186/lpcxpresso/tools/bin/../lib/gcc/arm-none-eabi/4.8.4/armv7-m\libgcc.a(_dvmd_tls.o)
                              d:/program/lpcxpresso_7.3.0_186/lpcxpresso/tools/bin/../lib/gcc/arm-none-eabi/4.8.4/armv7-m\libgcc.a(_aeabi_uldivmod.o) (__aeabi_ldiv0)
d:/program/lpcxpresso_7.3.0_186/lpcxpresso/tools/bin/../lib/gcc/arm-none-eabi/4.8.4/armv7-m\libgcc.a(_divdi3.o)
                              d:/program/lpcxpresso_7.3.0_186/lpcxpresso/tools/bin/../lib/gcc/arm-none-eabi/4.8.4/armv7-m\libgcc.a(bpabi.o) (__divdi3)
d:/program/lpcxpresso_7.3.0_186/lpcxpresso/tools/bin/../lib/gcc/arm-none-eabi/4.8.4/armv7-m\libgcc.a(_udivdi3.o)
                              d:/program/lpcxpresso_7.3.0_186/lpcxpresso/tools/bin/../lib/gcc/arm-none-eabi/4.8.4/armv7-m\libgcc.a(bpabi.o) (__udivdi3)
d:/program/lpcxpresso_7.3.0_186/lpcxpresso/tools/bin/../lib/gcc/arm-none-eabi/4.8.4/../../../../arm-none-eabi/lib/armv7-m\libc.a(lib_a-assert.o)
                              ./src/intersection/state.o (__assert_func)
d:/program/lpcxpresso_7.3.0_186/lpcxpresso/tools/bin/../lib/gcc/arm-none-eabi/4.8.4/../../../../arm-none-eabi/lib/armv7-m\libc.a(lib_a-fiprintf.o)
                              d:/program/lpcxpresso_7.3.0_186/lpcxpresso/tools/bin/../lib/gcc/arm-none-eabi/4.8.4/../../../../arm-none-eabi/lib/armv7-m\libc.a(lib_a-assert.o) (fiprintf)
d:/program/lpcxpresso_7.3.0_186/lpcxpresso/tools/bin/../lib/gcc/arm-none-eabi/4.8.4/../../../../arm-none-eabi/lib/armv7-m\libc.a(lib_a-impure.o)
                              d:/program/lpcxpresso_7.3.0_186/lpcxpresso/tools/bin/../lib/gcc/arm-none-eabi/4.8.4/../../../../arm-none-eabi/lib/armv7-m\libc.a(lib_a-assert.o) (_impure_ptr)
[...]
Memory Configuration

Name             Origin             Length             Attributes
MFlash512        0x00000000         0x00080000         xr
RamLoc32         0x10000000         0x00008000         xrw
RamAHB32         0x2007c000         0x00008000         xrw
*default*        0x00000000         0xffffffff

Linker script and memory map

LOAD ./src/util/rgb_led.o
LOAD ./src/util/segment7.o
LOAD ./src/util/timer.o
LOAD ./src/traffic_light/traffic_light.o
LOAD ./src/intersection/intersection.o
LOAD ./src/intersection/mode.o
LOAD ./src/intersection/state.o
LOAD ./src/cr_cpp_config.o
LOAD ./src/cr_startup_lpc175x_6x.o
LOAD ./src/crp.o
LOAD ./src/main.o
LOAD ./src/sysinit.o
LOAD ./src/traffic.o
LOAD C:\Users\Apipol\Documents\LPCXpresso_7.3.0_186\workspace\lpc_board_nxp_lpcxpresso_1769\Debug\liblpc_board_nxp_lpcxpresso_1769.a
LOAD C:\Users\Apipol\Documents\LPCXpresso_7.3.0_186\workspace\lpc_chip_175x_6x\Debug\liblpc_chip_175x_6x.a
START GROUP
LOAD d:/program/lpcxpresso_7.3.0_186/lpcxpresso/tools/bin/../lib/gcc/arm-none-eabi/4.8.4/armv7-m\libgcc.a
LOAD d:/program/lpcxpresso_7.3.0_186/lpcxpresso/tools/bin/../lib/gcc/arm-none-eabi/4.8.4/../../../../arm-none-eabi/lib/armv7-m\libc.a
LOAD d:/program/lpcxpresso_7.3.0_186/lpcxpresso/tools/bin/../lib/gcc/arm-none-eabi/4.8.4/../../../../arm-none-eabi/lib/armv7-m\libstdc++.a
LOAD d:/program/lpcxpresso_7.3.0_186/lpcxpresso/tools/bin/../lib/gcc/arm-none-eabi/4.8.4/../../../../arm-none-eabi/lib/armv7-m\libm.a
LOAD d:/program/lpcxpresso_7.3.0_186/lpcxpresso/tools/bin/../lib/gcc/arm-none-eabi/4.8.4/../../../../arm-none-eabi/lib/armv7-m\libcr_newlib_nohost.a
LOAD d:/program/lpcxpresso_7.3.0_186/lpcxpresso/tools/bin/../lib/gcc/arm-none-eabi/4.8.4/armv7-m\crti.o
LOAD d:/program/lpcxpresso_7.3.0_186/lpcxpresso/tools/bin/../lib/gcc/arm-none-eabi/4.8.4/armv7-m\crtn.o
LOAD d:/program/lpcxpresso_7.3.0_186/lpcxpresso/tools/bin/../lib/gcc/arm-none-eabi/4.8.4/armv7-m\crtbegin.o
LOAD d:/program/lpcxpresso_7.3.0_186/lpcxpresso/tools/bin/../lib/gcc/arm-none-eabi/4.8.4/armv7-m\crtend.o
END GROUP
                0x00080000                __top_MFlash512 = 0x80000
                0x10008000                __top_RamLoc32 = 0x10008000
                0x20084000                __top_RamAHB32 = 0x20084000

.text           0x00000000     0x4ec8
 FILL mask 0xff
                0x00000000                __vectors_start__ = ABSOLUTE (.)
 *(.isr_vector)
 .isr_vector    0x00000000       0xcc ./src/cr_startup_lpc175x_6x.o
                0x00000000                g_pfnVectors
                0x000000cc                . = ALIGN (0x4)
                0x000000cc                __section_table_start = .
                0x000000cc                __data_section_table = .
                0x000000cc        0x4 LONG 0x4ed0 LOADADDR (.data)
                0x000000d0        0x4 LONG 0x10000000 ADDR (.data)
                0x000000d4        0x4 LONG 0x864 SIZEOF (.data)
                0x000000d8        0x4 LONG 0x4ed0 LOADADDR (.data_RAM2)
                0x000000dc        0x4 LONG 0x2007c000 ADDR (.data_RAM2)
                0x000000e0        0x4 LONG 0x0 SIZEOF (.data_RAM2)
                0x000000e4                __data_section_table_end = .
                0x000000e4                __bss_section_table = .
                0x000000e4        0x4 LONG 0x10000864 ADDR (.bss)
                0x000000e8        0x4 LONG 0x60 SIZEOF (.bss)
                0x000000ec        0x4 LONG 0x2007c000 ADDR (.bss_RAM2)
                0x000000f0        0x4 LONG 0x0 SIZEOF (.bss_RAM2)
                0x000000f4                __bss_section_table_end = .
                0x000000f4                __section_table_end = .
 *(.after_vectors*)
 .after_vectors
                0x000000f4      0x148 ./src/cr_startup_lpc175x_6x.o
                0x000000f4                data_init(unsigned int, unsigned int, unsigned int)
                0x00000138                bss_init(unsigned int, unsigned int)
                0x00000170                ResetISR
                0x000001ec                NMI_Handler
                0x000001f4                HardFault_Handler
                0x000001fc                MemManage_Handler
                0x00000204                BusFault_Handler
                0x0000020c                UsageFault_Handler
                0x00000214                SVC_Handler
                0x0000021c                DebugMon_Handler
                0x00000224                PendSV_Handler
                0x0000022c                SysTick_Handler
                0x00000234                TIMER3_IRQHandler
                0x00000234                UART0_IRQHandler
                0x00000234                UART1_IRQHandler
                0x00000234                IntDefaultHandler
                0x00000234                PLL0_IRQHandler
                0x00000234                CAN_IRQHandler
                0x00000234                USBActivity_IRQHandler
                0x00000234                CANActivity_IRQHandler
                0x00000234                I2C1_IRQHandler
                0x00000234                I2S_IRQHandler
                0x00000234                I2C2_IRQHandler
                0x00000234                RTC_IRQHandler
                0x00000234                SPI_IRQHandler
                0x00000234                TIMER1_IRQHandler
                0x00000234                UART2_IRQHandler
                0x00000234                ADC_IRQHandler
                0x00000234                SSP1_IRQHandler
                0x00000234                I2C0_IRQHandler
                0x00000234                USB_IRQHandler
                0x00000234                BOD_IRQHandler
                0x00000234                RIT_IRQHandler
                0x00000234                SSP0_IRQHandler
                0x00000234                WDT_IRQHandler
                0x00000234                PWM1_IRQHandler
                0x00000234                QEI_IRQHandler
                0x00000234                ETH_IRQHandler
                0x00000234                PLL1_IRQHandler
                0x00000234                DMA_IRQHandler
                0x00000234                TIMER2_IRQHandler
                0x00000234                UART3_IRQHandler
                0x00000234                MCPWM_IRQHandler
                0x000002fc                . = 0x2fc
 *fill*         0x0000023c       0xc0 ff
                0x000002fc                PROVIDE (__CRP_WORD_START__, .)
 *(.crp)
 .crp           0x000002fc        0x4 ./src/crp.o
                0x000002fc                CRP_WORD
                0x00000300                PROVIDE (__CRP_WORD_END__, .)
                0x00000001                ASSERT (! ((__CRP_WORD_START__ == __CRP_WORD_END__)), Linker CRP Enabled, but no CRP_WORD provided within application)
 *(.text*)
 .text.Chip_GPIO_SetPinState
                0x00000300       0x5c ./src/util/rgb_led.o
 .text.Chip_GPIO_SetPinDIROutput
                0x0000035c       0x38 ./src/util/rgb_led.o
 .text.Chip_GPIO_SetPinDIRInput
                0x00000394       0x3c ./src/util/rgb_led.o
 .text.Chip_GPIO_SetPinDIR
                0x000003d0       0x38 ./src/util/rgb_led.o
 .text.Chip_GPIO_SetDir
                0x00000408       0x30 ./src/util/rgb_led.o
 .text._ZN7RGB_LEDC2E2ioS0_S0_
                0x00000438       0xa0 ./src/util/rgb_led.o
                0x00000438                RGB_LED::RGB_LED(io, io, io)
                0x00000438                RGB_LED::RGB_LED(io, io, io)
 .text._ZN7RGB_LED8setColorEhhh
                0x000004d8       0x3c ./src/util/rgb_led.o
                0x000004d8                RGB_LED::setColor(unsigned char, unsigned char, unsigned char)
 .text._ZN7RGB_LED3outEhhh
                0x00000514       0x68 ./src/util/rgb_led.o
                0x00000514                RGB_LED::out(unsigned char, unsigned char, unsigned char)
 .text.Chip_GPIO_SetPinState
                0x0000057c       0x5c ./src/util/segment7.o
 .text.Chip_GPIO_SetPinDIROutput
                0x000005d8       0x38 ./src/util/segment7.o
 .text.Chip_GPIO_SetPinDIRInput
                0x00000610       0x3c ./src/util/segment7.o
 .text.Chip_GPIO_SetPinDIR
                0x0000064c       0x38 ./src/util/segment7.o
 .text.Chip_GPIO_SetDir
                0x00000684       0x30 ./src/util/segment7.o
 .text._ZN8Segment7C2E2ioS0_S0_S0_
                0x000006b4       0xa4 ./src/util/segment7.o
                0x000006b4                Segment7::Segment7(io, io, io, io)
                0x000006b4                Segment7::Segment7(io, io, io, io)
 .text._ZN8Segment77displayEh
                0x00000758       0x58 ./src/util/segment7.o
                0x00000758                Segment7::display(unsigned char)
 .text.NVIC_EnableIRQ
                0x000007b0       0x30 ./src/util/timer.o
 .text.NVIC_ClearPendingIRQ
                0x000007e0       0x34 ./src/util/timer.o
 .text.Chip_TIMER_MatchPending
                0x00000814       0x34 ./src/util/timer.o
 .text.Chip_TIMER_ClearMatch
                0x00000848       0x28 ./src/util/timer.o
 .text.Chip_TIMER_Enable
                0x00000870       0x20 ./src/util/timer.o
 .text.Chip_TIMER_Disable
                0x00000890       0x20 ./src/util/timer.o
 .text.Chip_TIMER_PrescaleSet
                0x000008b0       0x1c ./src/util/timer.o
 .text.Chip_TIMER_SetMatch
                0x000008cc       0x28 ./src/util/timer.o
 .text.Chip_TIMER_MatchEnableInt
                0x000008f4       0x34 ./src/util/timer.o
 .text.Chip_TIMER_ResetOnMatchEnable
                0x00000928       0x34 ./src/util/timer.o
 .text.corresMat
                0x0000095c       0x54 ./src/util/timer.o
                0x0000095c                corresMat
 .text.corresIRQn
                0x000009b0       0x54 ./src/util/timer.o
                0x000009b0                corresIRQn
 .text.timer_init
                0x00000a04       0x88 ./src/util/timer.o
                0x00000a04                timer_init
 .text.timer_start
                0x00000a8c       0x34 ./src/util/timer.o
                0x00000a8c                timer_start
 .text.timer_enable
                0x00000ac0       0x14 ./src/util/timer.o
                0x00000ac0                timer_enable
 .text.timer_pause
                0x00000ad4       0x14 ./src/util/timer.o
                0x00000ad4                timer_pause
 .text.TIMER0_IRQHandler
                0x00000ae8       0x3c ./src/util/timer.o
                0x00000ae8                TIMER0_IRQHandler
 .text._ZN7RGB_LED3redEv
                0x00000b24       0x1c ./src/traffic_light/traffic_light.o
                0x00000b24                RGB_LED::red()
 .text._ZN7RGB_LED6yellowEv
                0x00000b40       0x1c ./src/traffic_light/traffic_light.o
                0x00000b40                RGB_LED::yellow()
 .text._ZN7RGB_LED5greenEv
                0x00000b5c       0x1c ./src/traffic_light/traffic_light.o
                0x00000b5c                RGB_LED::green()
 .text._ZN12TrafficLight10setCounterEh
                0x00000b78       0x1c ./src/traffic_light/traffic_light.o
                0x00000b78                TrafficLight::setCounter(unsigned char)
 .text._ZN12TrafficLight8timeLeftEv
                0x00000b94       0x18 ./src/traffic_light/traffic_light.o
                0x00000b94                TrafficLight::timeLeft()
 .text._ZN12TrafficLightC2ER7RGB_LEDR8Segment7h
                0x00000bac       0x54 ./src/traffic_light/traffic_light.o
                0x00000bac                TrafficLight::TrafficLight(RGB_LED&, Segment7&, unsigned char)
                0x00000bac                TrafficLight::TrafficLight(RGB_LED&, Segment7&, unsigned char)
 .text._ZN12TrafficLight9decrementEv
                0x00000c00       0x34 ./src/traffic_light/traffic_light.o
                0x00000c00                TrafficLight::decrement()
 .text._ZN12TrafficLight3redEv
                0x00000c34       0x2c ./src/traffic_light/traffic_light.o
                0x00000c34                TrafficLight::red()
 .text._ZN12TrafficLight6yellowEv
                0x00000c60       0x34 ./src/traffic_light/traffic_light.o
                0x00000c60                TrafficLight::yellow()
 .text._ZN12TrafficLight5greenEv
                0x00000c94       0x38 ./src/traffic_light/traffic_light.o
                0x00000c94                TrafficLight::green()
 .text._ZN12TrafficLight12getGreenTimeEv
                0x00000ccc       0x18 ./src/intersection/intersection.o
                0x00000ccc                TrafficLight::getGreenTime()
 .text._ZN12TrafficLight13getYellowTimeEv
                0x00000ce4       0x18 ./src/intersection/intersection.o
                0x00000ce4                TrafficLight::getYellowTime()
 .text._ZN12TrafficLight5stateEv
                0x00000cfc       0x18 ./src/intersection/intersection.o
                0x00000cfc                TrafficLight::state()
 .text.Chip_GPIO_SetPinOutHigh
                0x00000d14       0x2c ./src/intersection/intersection.o
 .text.Chip_GPIO_SetPinOutLow
                0x00000d40       0x2c ./src/intersection/intersection.o
 .text._ZN3DFA12currentStateEv
                0x00000d6c       0x24 ./src/intersection/intersection.o
                0x00000d6c                DFA::currentState()
 .text._ZN3DFA13previousStateEv
                0x00000d90       0x18 ./src/intersection/intersection.o
                0x00000d90                DFA::previousState()
 .text._ZN3DFA10totalStateEv
                0x00000da8       0x18 ./src/intersection/intersection.o
                0x00000da8                DFA::totalState()
 .text._ZN3DFA5stateEv
                0x00000dc0       0x18 ./src/intersection/intersection.o
                0x00000dc0                DFA::state()
 .text._ZN12IntersectionC2ER3DFAP11LPC_TIMER_T
                0x00000dd8       0x4c ./src/intersection/intersection.o
                0x00000dd8                Intersection::Intersection(DFA&, LPC_TIMER_T*)
                0x00000dd8                Intersection::Intersection(DFA&, LPC_TIMER_T*)
 .text._ZN12Intersection4tickEv
                0x00000e24      0x104 ./src/intersection/intersection.o
                0x00000e24                Intersection::tick()
 .text._ZN12Intersection13initQueueTimeEv
                0x00000f28       0x6c ./src/intersection/intersection.o
                0x00000f28                Intersection::initQueueTime()
 .text._ZN12Intersection9automaticEv
                0x00000f94       0x2c ./src/intersection/intersection.o
                0x00000f94                Intersection::automatic()
 .text._ZN12Intersection6manualEh
                0x00000fc0       0x8c ./src/intersection/intersection.o
                0x00000fc0                Intersection::manual(unsigned char)
 .text.NVIC_EnableIRQ
                0x0000104c       0x30 ./src/intersection/mode.o
 .text.NVIC_ClearPendingIRQ
                0x0000107c       0x34 ./src/intersection/mode.o
 .text.Chip_GPIO_SetPinDIROutput
                0x000010b0       0x38 ./src/intersection/mode.o
 .text.Chip_GPIO_SetPinDIRInput
                0x000010e8       0x3c ./src/intersection/mode.o
 .text.Chip_GPIO_SetPinOutHigh
                0x00001124       0x2c ./src/intersection/mode.o
 .text.Chip_GPIO_SetPinOutLow
                0x00001150       0x2c ./src/intersection/mode.o
 .text.Chip_GPIOINT_SetIntRising
                0x0000117c       0x2c ./src/intersection/mode.o
 .text.Chip_GPIOINT_ClearIntStatus
                0x000011a8       0x2c ./src/intersection/mode.o
 .text.EINT0_IRQHandler
                0x000011d4       0x38 ./src/intersection/mode.o
                0x000011d4                EINT0_IRQHandler
 .text.EINT1_IRQHandler
                0x0000120c       0x38 ./src/intersection/mode.o
                0x0000120c                EINT1_IRQHandler
 .text.EINT2_IRQHandler
                0x00001244       0x38 ./src/intersection/mode.o
                0x00001244                EINT2_IRQHandler
 .text.EINT3_IRQHandler
                0x0000127c       0x8c ./src/intersection/mode.o
                0x0000127c                EINT3_IRQHandler
 .text.mode_init
                0x00001308       0xe8 ./src/intersection/mode.o
                0x00001308                mode_init
 .text._ZN12TrafficLight6equalsERS_
                0x000013f0       0x24 ./src/intersection/state.o
                0x000013f0                TrafficLight::equals(TrafficLight&)
 .text._ZN12TrafficLighteqERS_
                0x00001414       0x1c ./src/intersection/state.o
                0x00001414                TrafficLight::operator==(TrafficLight&)
 .text._ZN3DFAC2ER12TrafficLightPPS0_iPA2_S2_
                0x00001430       0x6c ./src/intersection/state.o
                0x00001430                DFA::DFA(TrafficLight&, TrafficLight**, int, TrafficLight* (*) [2])
                0x00001430                DFA::DFA(TrafficLight&, TrafficLight**, int, TrafficLight* (*) [2])
 .text._ZN3DFA7indexOfER12TrafficLight
                0x0000149c       0x4c ./src/intersection/state.o
                0x0000149c                DFA::indexOf(TrafficLight&)
 .text._ZN3DFA7transitEi
                0x000014e8       0x70 ./src/intersection/state.o
                0x000014e8                DFA::transit(int)
 .text._Z10allPinGPIOv
                0x00001558       0x6c ./src/main.o
                0x00001558                allPinGPIO()
 .text.main     0x000015c4      0x294 ./src/main.o
                0x000015c4                main
 .text.SystemInit
                0x00001858       0x24 ./src/sysinit.o
                0x00001858                SystemInit
 .text.Board_LED_Init
                0x0000187c       0x10 C:\Users\Apipol\Documents\LPCXpresso_7.3.0_186\workspace\lpc_board_nxp_lpcxpresso_1769\Debug\liblpc_board_nxp_lpcxpresso_1769.a(board.o)
 .text.Board_Debug_Init
                0x0000188c       0x24 C:\Users\Apipol\Documents\LPCXpresso_7.3.0_186\workspace\lpc_board_nxp_lpcxpresso_1769\Debug\liblpc_board_nxp_lpcxpresso_1769.a(board.o)
                0x0000188c                Board_Debug_Init
 .text.Board_LED_Set
                0x000018b0       0x20 C:\Users\Apipol\Documents\LPCXpresso_7.3.0_186\workspace\lpc_board_nxp_lpcxpresso_1769\Debug\liblpc_board_nxp_lpcxpresso_1769.a(board.o)
                0x000018b0                Board_LED_Set
 .text.Board_LED_Test
                0x000018d0       0x18 C:\Users\Apipol\Documents\LPCXpresso_7.3.0_186\workspace\lpc_board_nxp_lpcxpresso_1769\Debug\liblpc_board_nxp_lpcxpresso_1769.a(board.o)
                0x000018d0                Board_LED_Test
 .text.Board_LED_Toggle
                0x000018e8       0x18 C:\Users\Apipol\Documents\LPCXpresso_7.3.0_186\workspace\lpc_board_nxp_lpcxpresso_1769\Debug\liblpc_board_nxp_lpcxpresso_1769.a(board.o)
                0x000018e8                Board_LED_Toggle
 .text.Board_Init
                0x00001900       0x18 C:\Users\Apipol\Documents\LPCXpresso_7.3.0_186\workspace\lpc_board_nxp_lpcxpresso_1769\Debug\liblpc_board_nxp_lpcxpresso_1769.a(board.o)
                0x00001900                Board_Init
 .text.Board_SetupMuxing
                0x00001918       0x18 C:\Users\Apipol\Documents\LPCXpresso_7.3.0_186\workspace\lpc_board_nxp_lpcxpresso_1769\Debug\liblpc_board_nxp_lpcxpresso_1769.a(board_sysinit.o)
                0x00001918                Board_SetupMuxing
 .text.Board_SetupClocking
                0x00001930       0x1c C:\Users\Apipol\Documents\LPCXpresso_7.3.0_186\workspace\lpc_board_nxp_lpcxpresso_1769\Debug\liblpc_board_nxp_lpcxpresso_1769.a(board_sysinit.o)
                0x00001930                Board_SetupClocking
 .text.Board_SystemInit
                0x0000194c        0xc C:\Users\Apipol\Documents\LPCXpresso_7.3.0_186\workspace\lpc_board_nxp_lpcxpresso_1769\Debug\liblpc_board_nxp_lpcxpresso_1769.a(board_sysinit.o)
                0x0000194c                Board_SystemInit
 .text.SystemCoreClockUpdate
                0x00001958       0x10 C:\Users\Apipol\Documents\LPCXpresso_7.3.0_186\workspace\lpc_chip_175x_6x\Debug\liblpc_chip_175x_6x.a(chip_17xx_40xx.o)
                0x00001958                SystemCoreClockUpdate
 .text.Chip_Clock_EnablePLL
                0x00001968       0x28 C:\Users\Apipol\Documents\LPCXpresso_7.3.0_186\workspace\lpc_chip_175x_6x\Debug\liblpc_chip_175x_6x.a(clock_17xx_40xx.o)
                0x00001968                Chip_Clock_EnablePLL
 .text.Chip_Clock_DisablePLL
                0x00001990       0x2c C:\Users\Apipol\Documents\LPCXpresso_7.3.0_186\workspace\lpc_chip_175x_6x\Debug\liblpc_chip_175x_6x.a(clock_17xx_40xx.o)
                0x00001990                Chip_Clock_DisablePLL
 .text.Chip_Clock_SetupPLL
                0x000019bc       0x38 C:\Users\Apipol\Documents\LPCXpresso_7.3.0_186\workspace\lpc_chip_175x_6x\Debug\liblpc_chip_175x_6x.a(clock_17xx_40xx.o)
                0x000019bc                Chip_Clock_SetupPLL
 .text.Chip_Clock_EnablePeriphClock
                0x000019f4       0x18 C:\Users\Apipol\Documents\LPCXpresso_7.3.0_186\workspace\lpc_chip_175x_6x\Debug\liblpc_chip_175x_6x.a(clock_17xx_40xx.o)
                0x000019f4                Chip_Clock_EnablePeriphClock
 .text.Chip_Clock_GetCPUClockSource
                0x00001a0c       0x18 C:\Users\Apipol\Documents\LPCXpresso_7.3.0_186\workspace\lpc_chip_175x_6x\Debug\liblpc_chip_175x_6x.a(clock_17xx_40xx.o)
                0x00001a0c                Chip_Clock_GetCPUClockSource
 .text.Chip_Clock_SetCPUClockDiv
                0x00001a24        0xc C:\Users\Apipol\Documents\LPCXpresso_7.3.0_186\workspace\lpc_chip_175x_6x\Debug\liblpc_chip_175x_6x.a(clock_17xx_40xx.o)
                0x00001a24                Chip_Clock_SetCPUClockDiv
 .text.Chip_Clock_GetCPUClockDiv
                0x00001a30       0x10 C:\Users\Apipol\Documents\LPCXpresso_7.3.0_186\workspace\lpc_chip_175x_6x\Debug\liblpc_chip_175x_6x.a(clock_17xx_40xx.o)
                0x00001a30                Chip_Clock_GetCPUClockDiv
 .text.Chip_Clock_GetPCLKDiv
                0x00001a40       0x3c C:\Users\Apipol\Documents\LPCXpresso_7.3.0_186\workspace\lpc_chip_175x_6x\Debug\liblpc_chip_175x_6x.a(clock_17xx_40xx.o)
                0x00001a40                Chip_Clock_GetPCLKDiv
 .text.Chip_Clock_GetSYSCLKRate
                0x00001a7c       0x3c C:\Users\Apipol\Documents\LPCXpresso_7.3.0_186\workspace\lpc_chip_175x_6x\Debug\liblpc_chip_175x_6x.a(clock_17xx_40xx.o)
                0x00001a7c                Chip_Clock_GetSYSCLKRate
 .text.Chip_Clock_GetMainPLLOutClockRate
                0x00001ab8       0x3c C:\Users\Apipol\Documents\LPCXpresso_7.3.0_186\workspace\lpc_chip_175x_6x\Debug\liblpc_chip_175x_6x.a(clock_17xx_40xx.o)
                0x00001ab8                Chip_Clock_GetMainPLLOutClockRate
 .text.Chip_Clock_GetMainClockRate
                0x00001af4       0x1c C:\Users\Apipol\Documents\LPCXpresso_7.3.0_186\workspace\lpc_chip_175x_6x\Debug\liblpc_chip_175x_6x.a(clock_17xx_40xx.o)
                0x00001af4                Chip_Clock_GetMainClockRate
 .text.Chip_Clock_GetSystemClockRate
                0x00001b10       0x14 C:\Users\Apipol\Documents\LPCXpresso_7.3.0_186\workspace\lpc_chip_175x_6x\Debug\liblpc_chip_175x_6x.a(clock_17xx_40xx.o)
                0x00001b10                Chip_Clock_GetSystemClockRate
 .text.Chip_Clock_GetPeripheralClockRate
                0x00001b24       0x18 C:\Users\Apipol\Documents\LPCXpresso_7.3.0_186\workspace\lpc_chip_175x_6x\Debug\liblpc_chip_175x_6x.a(clock_17xx_40xx.o)
                0x00001b24                Chip_Clock_GetPeripheralClockRate
 .text.Chip_IOCON_PinMux
                0x00001b3c       0x3c C:\Users\Apipol\Documents\LPCXpresso_7.3.0_186\workspace\lpc_chip_175x_6x\Debug\liblpc_chip_175x_6x.a(iocon_17xx_40xx.o)
                0x00001b3c                Chip_IOCON_PinMux
 .text.Chip_IOCON_PinMuxSet
                0x00001b78       0x14 C:\Users\Apipol\Documents\LPCXpresso_7.3.0_186\workspace\lpc_chip_175x_6x\Debug\liblpc_chip_175x_6x.a(iocon_17xx_40xx.o)
                0x00001b78                Chip_IOCON_PinMuxSet
 .text.Chip_IOCON_SetPinMuxing
                0x00001b8c       0x30 C:\Users\Apipol\Documents\LPCXpresso_7.3.0_186\workspace\lpc_chip_175x_6x\Debug\liblpc_chip_175x_6x.a(iocon_17xx_40xx.o)
                0x00001b8c                Chip_IOCON_SetPinMuxing
 .text.Chip_SetupXtalClocking
                0x00001bbc       0x90 C:\Users\Apipol\Documents\LPCXpresso_7.3.0_186\workspace\lpc_chip_175x_6x\Debug\liblpc_chip_175x_6x.a(sysinit_17xx_40xx.o)
                0x00001bbc                Chip_SetupXtalClocking
 .text.Chip_Timer_GetClockIndex
                0x00001c4c       0x2c C:\Users\Apipol\Documents\LPCXpresso_7.3.0_186\workspace\lpc_chip_175x_6x\Debug\liblpc_chip_175x_6x.a(timer_17xx_40xx.o)
 .text.Chip_TIMER_Init
                0x00001c78        0xc C:\Users\Apipol\Documents\LPCXpresso_7.3.0_186\workspace\lpc_chip_175x_6x\Debug\liblpc_chip_175x_6x.a(timer_17xx_40xx.o)
                0x00001c78                Chip_TIMER_Init
 .text.Chip_TIMER_Reset
                0x00001c84       0x18 C:\Users\Apipol\Documents\LPCXpresso_7.3.0_186\workspace\lpc_chip_175x_6x\Debug\liblpc_chip_175x_6x.a(timer_17xx_40xx.o)
                0x00001c84                Chip_TIMER_Reset
 .text.Chip_UART_GetClockIndex
                0x00001c9c       0x2c C:\Users\Apipol\Documents\LPCXpresso_7.3.0_186\workspace\lpc_chip_175x_6x\Debug\liblpc_chip_175x_6x.a(uart_17xx_40xx.o)
 .text.Chip_UART_GetClkIndex
                0x00001cc8       0x2c C:\Users\Apipol\Documents\LPCXpresso_7.3.0_186\workspace\lpc_chip_175x_6x\Debug\liblpc_chip_175x_6x.a(uart_17xx_40xx.o)
 .text.Chip_UART_TXEnable
                0x00001cf4        0x8 C:\Users\Apipol\Documents\LPCXpresso_7.3.0_186\workspace\lpc_chip_175x_6x\Debug\liblpc_chip_175x_6x.a(uart_17xx_40xx.o)
                0x00001cf4                Chip_UART_TXEnable
 .text.Chip_UART_TXDisable
                0x00001cfc        0x8 C:\Users\Apipol\Documents\LPCXpresso_7.3.0_186\workspace\lpc_chip_175x_6x\Debug\liblpc_chip_175x_6x.a(uart_17xx_40xx.o)
                0x00001cfc                Chip_UART_TXDisable
 .text.Chip_UART_Init
                0x00001d04       0x40 C:\Users\Apipol\Documents\LPCXpresso_7.3.0_186\workspace\lpc_chip_175x_6x\Debug\liblpc_chip_175x_6x.a(uart_17xx_40xx.o)
                0x00001d04                Chip_UART_Init
 .text.Chip_UART_SetBaud
                0x00001d44       0x34 C:\Users\Apipol\Documents\LPCXpresso_7.3.0_186\workspace\lpc_chip_175x_6x\Debug\liblpc_chip_175x_6x.a(uart_17xx_40xx.o)
                0x00001d44                Chip_UART_SetBaud
 .text          0x00001d78       0x2c d:/program/lpcxpresso_7.3.0_186/lpcxpresso/tools/bin/../lib/gcc/arm-none-eabi/4.8.4/armv7-m\libgcc.a(_aeabi_uldivmod.o)
                0x00001d78                __aeabi_uldivmod
 .text          0x00001da4       0x60 d:/program/lpcxpresso_7.3.0_186/lpcxpresso/tools/bin/../lib/gcc/arm-none-eabi/4.8.4/armv7-m\libgcc.a(bpabi.o)
                0x00001da4                __gnu_ldivmod_helper
                0x00001dd4                __gnu_uldivmod_helper
 .text          0x00001e04        0x4 d:/program/lpcxpresso_7.3.0_186/lpcxpresso/tools/bin/../lib/gcc/arm-none-eabi/4.8.4/armv7-m\libgcc.a(_dvmd_tls.o)
                0x00001e04                __aeabi_idiv0
                0x00001e04                __aeabi_ldiv0
 .text          0x00001e08      0x2a0 d:/program/lpcxpresso_7.3.0_186/lpcxpresso/tools/bin/../lib/gcc/arm-none-eabi/4.8.4/armv7-m\libgcc.a(_divdi3.o)
                0x00001e08                __divdi3
 .text          0x000020a8      0x290 d:/program/lpcxpresso_7.3.0_186/lpcxpresso/tools/bin/../lib/gcc/arm-none-eabi/4.8.4/armv7-m\libgcc.a(_udivdi3.o)
                0x000020a8                __udivdi3
 .text.__assert_func
                0x00002338       0x3c d:/program/lpcxpresso_7.3.0_186/lpcxpresso/tools/bin/../lib/gcc/arm-none-eabi/4.8.4/../../../../arm-none-eabi/lib/armv7-m\libc.a(lib_a-assert.o)
                0x00002338                __assert_func
 .text.fiprintf
                0x00002374       0x28 d:/program/lpcxpresso_7.3.0_186/lpcxpresso/tools/bin/../lib/gcc/arm-none-eabi/4.8.4/../../../../arm-none-eabi/lib/armv7-m\libc.a(lib_a-fiprintf.o)
                0x00002374                fiprintf
 .text.__libc_init_array
                0x0000239c       0x50 d:/program/lpcxpresso_7.3.0_186/lpcxpresso/tools/bin/../lib/gcc/arm-none-eabi/4.8.4/../../../../arm-none-eabi/lib/armv7-m\libc.a(lib_a-init.o)
                0x0000239c                __libc_init_array
 .text._malloc_r
                0x000023ec      0x538 d:/program/lpcxpresso_7.3.0_186/lpcxpresso/tools/bin/../lib/gcc/arm-none-eabi/4.8.4/../../../../arm-none-eabi/lib/armv7-m\libc.a(lib_a-mallocr.o)
                0x000023ec                _malloc_r
 .text          0x00002924       0xec d:/program/lpcxpresso_7.3.0_186/lpcxpresso/tools/bin/../lib/gcc/arm-none-eabi/4.8.4/../../../../arm-none-eabi/lib/armv7-m\libc.a(lib_a-memcpy.o)
                0x00002924                memcpy
 .text.__malloc_lock
                0x00002a10        0x4 d:/program/lpcxpresso_7.3.0_186/lpcxpresso/tools/bin/../lib/gcc/arm-none-eabi/4.8.4/../../../../arm-none-eabi/lib/armv7-m\libc.a(lib_a-mlock.o)
                0x00002a10                __malloc_lock
 .text.__malloc_unlock
                0x00002a14        0x4 d:/program/lpcxpresso_7.3.0_186/lpcxpresso/tools/bin/../lib/gcc/arm-none-eabi/4.8.4/../../../../arm-none-eabi/lib/armv7-m\libc.a(lib_a-mlock.o)
                0x00002a14                __malloc_unlock
 .text._sbrk_r  0x00002a18       0x24 d:/program/lpcxpresso_7.3.0_186/lpcxpresso/tools/bin/../lib/gcc/arm-none-eabi/4.8.4/../../../../arm-none-eabi/lib/armv7-m\libc.a(lib_a-sbrkr.o)
                0x00002a18                _sbrk_r
 .text.__sprint_r.part.0
                0x00002a3c       0x78 d:/program/lpcxpresso_7.3.0_186/lpcxpresso/tools/bin/../lib/gcc/arm-none-eabi/4.8.4/../../../../arm-none-eabi/lib/armv7-m\libc.a(lib_a-vfiprintf.o)
 .text._vfiprintf_r
                0x00002ab4      0xc54 d:/program/lpcxpresso_7.3.0_186/lpcxpresso/tools/bin/../lib/gcc/arm-none-eabi/4.8.4/../../../../arm-none-eabi/lib/armv7-m\libc.a(lib_a-vfiprintf.o)
                0x00002ab4                _vfiprintf_r
 .text.__sbprintf
                0x00003708       0x7c d:/program/lpcxpresso_7.3.0_186/lpcxpresso/tools/bin/../lib/gcc/arm-none-eabi/4.8.4/../../../../arm-none-eabi/lib/armv7-m\libc.a(lib_a-vfiprintf.o)
 .text.__swsetup_r
                0x00003784       0xc4 d:/program/lpcxpresso_7.3.0_186/lpcxpresso/tools/bin/../lib/gcc/arm-none-eabi/4.8.4/../../../../arm-none-eabi/lib/armv7-m\libc.a(lib_a-wsetup.o)
                0x00003784                __swsetup_r
 .text.abort    0x00003848       0x10 d:/program/lpcxpresso_7.3.0_186/lpcxpresso/tools/bin/../lib/gcc/arm-none-eabi/4.8.4/../../../../arm-none-eabi/lib/armv7-m\libc.a(lib_a-abort.o)
                0x00003848                abort
 .text.__sflush_r
                0x00003858      0x148 d:/program/lpcxpresso_7.3.0_186/lpcxpresso/tools/bin/../lib/gcc/arm-none-eabi/4.8.4/../../../../arm-none-eabi/lib/armv7-m\libc.a(lib_a-fflush.o)
                0x00003858                __sflush_r
 .text._fflush_r
                0x000039a0       0x2c d:/program/lpcxpresso_7.3.0_186/lpcxpresso/tools/bin/../lib/gcc/arm-none-eabi/4.8.4/../../../../arm-none-eabi/lib/armv7-m\libc.a(lib_a-fflush.o)
                0x000039a0                _fflush_r
 .text._cleanup_r
                0x000039cc        0xc d:/program/lpcxpresso_7.3.0_186/lpcxpresso/tools/bin/../lib/gcc/arm-none-eabi/4.8.4/../../../../arm-none-eabi/lib/armv7-m\libc.a(lib_a-findfp.o)
                0x000039cc                _cleanup_r
 .text.__sinit  0x000039d8       0xf4 d:/program/lpcxpresso_7.3.0_186/lpcxpresso/tools/bin/../lib/gcc/arm-none-eabi/4.8.4/../../../../arm-none-eabi/lib/armv7-m\libc.a(lib_a-findfp.o)
                0x000039d8                __sinit
 .text.__sfp_lock_acquire
                0x00003acc        0x4 d:/program/lpcxpresso_7.3.0_186/lpcxpresso/tools/bin/../lib/gcc/arm-none-eabi/4.8.4/../../../../arm-none-eabi/lib/armv7-m\libc.a(lib_a-findfp.o)
                0x00003acc                __sfp_lock_acquire
 .text.__sfp_lock_release
                0x00003ad0        0x4 d:/program/lpcxpresso_7.3.0_186/lpcxpresso/tools/bin/../lib/gcc/arm-none-eabi/4.8.4/../../../../arm-none-eabi/lib/armv7-m\libc.a(lib_a-findfp.o)
                0x00003ad0                __sfp_lock_release
 .text._fputwc_r
                0x00003ad4       0xc0 d:/program/lpcxpresso_7.3.0_186/lpcxpresso/tools/bin/../lib/gcc/arm-none-eabi/4.8.4/../../../../arm-none-eabi/lib/armv7-m\libc.a(lib_a-fputwc.o)
                0x00003ad4                _fputwc_r
 .text._malloc_trim_r
                0x00003b94       0x9c d:/program/lpcxpresso_7.3.0_186/lpcxpresso/tools/bin/../lib/gcc/arm-none-eabi/4.8.4/../../../../arm-none-eabi/lib/armv7-m\libc.a(lib_a-freer.o)
                0x00003b94                _malloc_trim_r
 .text._free_r  0x00003c30      0x198 d:/program/lpcxpresso_7.3.0_186/lpcxpresso/tools/bin/../lib/gcc/arm-none-eabi/4.8.4/../../../../arm-none-eabi/lib/armv7-m\libc.a(lib_a-freer.o)
                0x00003c30                _free_r
 .text.__sfvwrite_r
                0x00003dc8      0x318 d:/program/lpcxpresso_7.3.0_186/lpcxpresso/tools/bin/../lib/gcc/arm-none-eabi/4.8.4/../../../../arm-none-eabi/lib/armv7-m\libc.a(lib_a-fvwrite.o)
                0x00003dc8                __sfvwrite_r
 .text._fwalk   0x000040e0       0x48 d:/program/lpcxpresso_7.3.0_186/lpcxpresso/tools/bin/../lib/gcc/arm-none-eabi/4.8.4/../../../../arm-none-eabi/lib/armv7-m\libc.a(lib_a-fwalk.o)
                0x000040e0                _fwalk
 .text.__locale_charset
                0x00004128        0x8 d:/program/lpcxpresso_7.3.0_186/lpcxpresso/tools/bin/../lib/gcc/arm-none-eabi/4.8.4/../../../../arm-none-eabi/lib/armv7-m\libc.a(lib_a-locale.o)
                0x00004128                __locale_charset
 .text.__locale_mb_cur_max
                0x00004130        0xc d:/program/lpcxpresso_7.3.0_186/lpcxpresso/tools/bin/../lib/gcc/arm-none-eabi/4.8.4/../../../../arm-none-eabi/lib/armv7-m\libc.a(lib_a-locale.o)
                0x00004130                __locale_mb_cur_max
 .text.__smakebuf_r
                0x0000413c       0xe0 d:/program/lpcxpresso_7.3.0_186/lpcxpresso/tools/bin/../lib/gcc/arm-none-eabi/4.8.4/../../../../arm-none-eabi/lib/armv7-m\libc.a(lib_a-makebuf.o)
                0x0000413c                __smakebuf_r
 .text.memchr   0x0000421c       0x94 d:/program/lpcxpresso_7.3.0_186/lpcxpresso/tools/bin/../lib/gcc/arm-none-eabi/4.8.4/../../../../arm-none-eabi/lib/armv7-m\libc.a(lib_a-memchr-stub.o)
                0x0000421c                memchr
 .text.memmove  0x000042b0       0xcc d:/program/lpcxpresso_7.3.0_186/lpcxpresso/tools/bin/../lib/gcc/arm-none-eabi/4.8.4/../../../../arm-none-eabi/lib/armv7-m\libc.a(lib_a-memmove.o)
                0x000042b0                memmove
 .text.memset   0x0000437c       0x94 d:/program/lpcxpresso_7.3.0_186/lpcxpresso/tools/bin/../lib/gcc/arm-none-eabi/4.8.4/../../../../arm-none-eabi/lib/armv7-m\libc.a(lib_a-memset.o)
                0x0000437c                memset
 .text._realloc_r
                0x00004410      0x3c0 d:/program/lpcxpresso_7.3.0_186/lpcxpresso/tools/bin/../lib/gcc/arm-none-eabi/4.8.4/../../../../arm-none-eabi/lib/armv7-m\libc.a(lib_a-reallocr.o)
                0x00004410                _realloc_r
 .text._raise_r
                0x000047d0       0x58 d:/program/lpcxpresso_7.3.0_186/lpcxpresso/tools/bin/../lib/gcc/arm-none-eabi/4.8.4/../../../../arm-none-eabi/lib/armv7-m\libc.a(lib_a-signal.o)
                0x000047d0                _raise_r
 .text.raise    0x00004828       0x10 d:/program/lpcxpresso_7.3.0_186/lpcxpresso/tools/bin/../lib/gcc/arm-none-eabi/4.8.4/../../../../arm-none-eabi/lib/armv7-m\libc.a(lib_a-signal.o)
                0x00004828                raise
 .text._kill_r  0x00004838       0x28 d:/program/lpcxpresso_7.3.0_186/lpcxpresso/tools/bin/../lib/gcc/arm-none-eabi/4.8.4/../../../../arm-none-eabi/lib/armv7-m\libc.a(lib_a-signalr.o)
                0x00004838                _kill_r
 .text._getpid_r
                0x00004860        0x4 d:/program/lpcxpresso_7.3.0_186/lpcxpresso/tools/bin/../lib/gcc/arm-none-eabi/4.8.4/../../../../arm-none-eabi/lib/armv7-m\libc.a(lib_a-signalr.o)
                0x00004860                _getpid_r
 .text.__sread  0x00004864       0x24 d:/program/lpcxpresso_7.3.0_186/lpcxpresso/tools/bin/../lib/gcc/arm-none-eabi/4.8.4/../../../../arm-none-eabi/lib/armv7-m\libc.a(lib_a-stdio.o)
                0x00004864                __sread
 .text.__swrite
                0x00004888       0x38 d:/program/lpcxpresso_7.3.0_186/lpcxpresso/tools/bin/../lib/gcc/arm-none-eabi/4.8.4/../../../../arm-none-eabi/lib/armv7-m\libc.a(lib_a-stdio.o)
                0x00004888                __swrite
 .text.__sseek  0x000048c0       0x20 d:/program/lpcxpresso_7.3.0_186/lpcxpresso/tools/bin/../lib/gcc/arm-none-eabi/4.8.4/../../../../arm-none-eabi/lib/armv7-m\libc.a(lib_a-stdio.o)
                0x000048c0                __sseek
 .text.__sclose
                0x000048e0        0x8 d:/program/lpcxpresso_7.3.0_186/lpcxpresso/tools/bin/../lib/gcc/arm-none-eabi/4.8.4/../../../../arm-none-eabi/lib/armv7-m\libc.a(lib_a-stdio.o)
                0x000048e0                __sclose
 .text.strlen   0x000048e8       0x60 d:/program/lpcxpresso_7.3.0_186/lpcxpresso/tools/bin/../lib/gcc/arm-none-eabi/4.8.4/../../../../arm-none-eabi/lib/armv7-m\libc.a(lib_a-strlen.o)
                0x000048e8                strlen
 .text.__swbuf_r
                0x00004948       0xa8 d:/program/lpcxpresso_7.3.0_186/lpcxpresso/tools/bin/../lib/gcc/arm-none-eabi/4.8.4/../../../../arm-none-eabi/lib/armv7-m\libc.a(lib_a-wbuf.o)
                0x00004948                __swbuf_r
 .text._wcrtomb_r
                0x000049f0       0x50 d:/program/lpcxpresso_7.3.0_186/lpcxpresso/tools/bin/../lib/gcc/arm-none-eabi/4.8.4/../../../../arm-none-eabi/lib/armv7-m\libc.a(lib_a-wcrtomb.o)
                0x000049f0                _wcrtomb_r
 .text.__ascii_wctomb
                0x00004a40       0x1c d:/program/lpcxpresso_7.3.0_186/lpcxpresso/tools/bin/../lib/gcc/arm-none-eabi/4.8.4/../../../../arm-none-eabi/lib/armv7-m\libc.a(lib_a-wctomb_r.o)
                0x00004a40                __ascii_wctomb
 .text._write_r
                0x00004a5c       0x28 d:/program/lpcxpresso_7.3.0_186/lpcxpresso/tools/bin/../lib/gcc/arm-none-eabi/4.8.4/../../../../arm-none-eabi/lib/armv7-m\libc.a(lib_a-writer.o)
                0x00004a5c                _write_r
 .text._close_r
                0x00004a84       0x24 d:/program/lpcxpresso_7.3.0_186/lpcxpresso/tools/bin/../lib/gcc/arm-none-eabi/4.8.4/../../../../arm-none-eabi/lib/armv7-m\libc.a(lib_a-closer.o)
                0x00004a84                _close_r
 .text._fclose_r
                0x00004aa8       0x80 d:/program/lpcxpresso_7.3.0_186/lpcxpresso/tools/bin/../lib/gcc/arm-none-eabi/4.8.4/../../../../arm-none-eabi/lib/armv7-m\libc.a(lib_a-fclose.o)
                0x00004aa8                _fclose_r
 .text.fclose   0x00004b28       0x10 d:/program/lpcxpresso_7.3.0_186/lpcxpresso/tools/bin/../lib/gcc/arm-none-eabi/4.8.4/../../../../arm-none-eabi/lib/armv7-m\libc.a(lib_a-fclose.o)
                0x00004b28                fclose
 .text._fstat_r
                0x00004b38       0x28 d:/program/lpcxpresso_7.3.0_186/lpcxpresso/tools/bin/../lib/gcc/arm-none-eabi/4.8.4/../../../../arm-none-eabi/lib/armv7-m\libc.a(lib_a-fstatr.o)
                0x00004b38                _fstat_r
 .text._isatty_r
                0x00004b60       0x24 d:/program/lpcxpresso_7.3.0_186/lpcxpresso/tools/bin/../lib/gcc/arm-none-eabi/4.8.4/../../../../arm-none-eabi/lib/armv7-m\libc.a(lib_a-isattyr.o)
                0x00004b60                _isatty_r
 .text._lseek_r
                0x00004b84       0x28 d:/program/lpcxpresso_7.3.0_186/lpcxpresso/tools/bin/../lib/gcc/arm-none-eabi/4.8.4/../../../../arm-none-eabi/lib/armv7-m\libc.a(lib_a-lseekr.o)
                0x00004b84                _lseek_r
 .text._read_r  0x00004bac       0x28 d:/program/lpcxpresso_7.3.0_186/lpcxpresso/tools/bin/../lib/gcc/arm-none-eabi/4.8.4/../../../../arm-none-eabi/lib/armv7-m\libc.a(lib_a-readr.o)
                0x00004bac                _read_r
 .text._sbrk    0x00004bd4       0x3c d:/program/lpcxpresso_7.3.0_186/lpcxpresso/tools/bin/../lib/gcc/arm-none-eabi/4.8.4/../../../../arm-none-eabi/lib/armv7-m\libcr_newlib_nohost.a(_cr_sbrk.o)
                0x00004bd4                _sbrk
 .text._exit    0x00004c10        0x2 d:/program/lpcxpresso_7.3.0_186/lpcxpresso/tools/bin/../lib/gcc/arm-none-eabi/4.8.4/../../../../arm-none-eabi/lib/armv7-m\libcr_newlib_nohost.a(_exit.o)
                0x00004c10                _exit
 *fill*         0x00004c12        0x2 
 .text._close   0x00004c14       0x10 d:/program/lpcxpresso_7.3.0_186/lpcxpresso/tools/bin/../lib/gcc/arm-none-eabi/4.8.4/../../../../arm-none-eabi/lib/armv7-m\libcr_newlib_nohost.a(close.o)
                0x00004c14                _close
 .text._fstat   0x00004c24       0x10 d:/program/lpcxpresso_7.3.0_186/lpcxpresso/tools/bin/../lib/gcc/arm-none-eabi/4.8.4/../../../../arm-none-eabi/lib/armv7-m\libcr_newlib_nohost.a(fstat.o)
                0x00004c24                _fstat
 .text._getpid  0x00004c34       0x10 d:/program/lpcxpresso_7.3.0_186/lpcxpresso/tools/bin/../lib/gcc/arm-none-eabi/4.8.4/../../../../arm-none-eabi/lib/armv7-m\libcr_newlib_nohost.a(getpid.o)
                0x00004c34                _getpid
 .text._isatty  0x00004c44       0x10 d:/program/lpcxpresso_7.3.0_186/lpcxpresso/tools/bin/../lib/gcc/arm-none-eabi/4.8.4/../../../../arm-none-eabi/lib/armv7-m\libcr_newlib_nohost.a(isatty.o)
                0x00004c44                _isatty
 .text._kill    0x00004c54       0x10 d:/program/lpcxpresso_7.3.0_186/lpcxpresso/tools/bin/../lib/gcc/arm-none-eabi/4.8.4/../../../../arm-none-eabi/lib/armv7-m\libcr_newlib_nohost.a(kill.o)
                0x00004c54                _kill
 .text._lseek   0x00004c64       0x10 d:/program/lpcxpresso_7.3.0_186/lpcxpresso/tools/bin/../lib/gcc/arm-none-eabi/4.8.4/../../../../arm-none-eabi/lib/armv7-m\libcr_newlib_nohost.a(lseek.o)
                0x00004c64                _lseek
 .text._read    0x00004c74       0x10 d:/program/lpcxpresso_7.3.0_186/lpcxpresso/tools/bin/../lib/gcc/arm-none-eabi/4.8.4/../../../../arm-none-eabi/lib/armv7-m\libcr_newlib_nohost.a(read.o)
                0x00004c74                _read
 .text._write   0x00004c84       0x10 d:/program/lpcxpresso_7.3.0_186/lpcxpresso/tools/bin/../lib/gcc/arm-none-eabi/4.8.4/../../../../arm-none-eabi/lib/armv7-m\libcr_newlib_nohost.a(write.o)
                0x00004c84                _write
 .text.__check_heap_overflow
                0x00004c94       0x18 d:/program/lpcxpresso_7.3.0_186/lpcxpresso/tools/bin/../lib/gcc/arm-none-eabi/4.8.4/../../../../arm-none-eabi/lib/armv7-m\libcr_newlib_nohost.a(_cr_check_heap.o)
                0x00004c94                __check_heap_overflow
 .text          0x00004cac       0x54 d:/program/lpcxpresso_7.3.0_186/lpcxpresso/tools/bin/../lib/gcc/arm-none-eabi/4.8.4/armv7-m\crtbegin.o
 .text.__errno  0x00004d00        0xc d:/program/lpcxpresso_7.3.0_186/lpcxpresso/tools/bin/../lib/gcc/arm-none-eabi/4.8.4/../../../../arm-none-eabi/lib/armv7-m\libc.a(lib_a-errno.o)
                0x00004d00                __errno
 *(.rodata .rodata.* .constdata .constdata.*)
 .rodata        0x00004d0c       0x38 ./src/intersection/state.o
 .rodata._ZZN3DFAC1ER12TrafficLightPPS0_iPA2_S2_E19__PRETTY_FUNCTION__
                0x00004d44       0x44 ./src/intersection/state.o
 .rodata._ZZN3DFA7transitEiE19__PRETTY_FUNCTION__
                0x00004d88       0x20 ./src/intersection/state.o
 .rodata        0x00004da8        0xc ./src/main.o
 .rodata.RTCOscRateIn
                0x00004db4        0x4 C:\Users\Apipol\Documents\LPCXpresso_7.3.0_186\workspace\lpc_board_nxp_lpcxpresso_1769\Debug\liblpc_board_nxp_lpcxpresso_1769.a(board.o)
                0x00004db4                RTCOscRateIn
 .rodata.OscRateIn
                0x00004db8        0x4 C:\Users\Apipol\Documents\LPCXpresso_7.3.0_186\workspace\lpc_board_nxp_lpcxpresso_1769\Debug\liblpc_board_nxp_lpcxpresso_1769.a(board.o)
                0x00004db8                OscRateIn
 .rodata.pinmuxing
                0x00004dbc       0x5c C:\Users\Apipol\Documents\LPCXpresso_7.3.0_186\workspace\lpc_board_nxp_lpcxpresso_1769\Debug\liblpc_board_nxp_lpcxpresso_1769.a(board_sysinit.o)
 .rodata.str1.4
                0x00004e18       0x3f d:/program/lpcxpresso_7.3.0_186/lpcxpresso/tools/bin/../lib/gcc/arm-none-eabi/4.8.4/../../../../arm-none-eabi/lib/armv7-m\libc.a(lib_a-assert.o)
                                 0x44 (size before relaxing)
 *fill*         0x00004e57        0x1 
 .rodata.str1.4
                0x00004e58        0x2 d:/program/lpcxpresso_7.3.0_186/lpcxpresso/tools/bin/../lib/gcc/arm-none-eabi/4.8.4/../../../../arm-none-eabi/lib/armv7-m\libc.a(lib_a-impure.o)
                                  0x4 (size before relaxing)
 *fill*         0x00004e5a        0x2 
 .rodata.str1.4
                0x00004e5c       0x30 d:/program/lpcxpresso_7.3.0_186/lpcxpresso/tools/bin/../lib/gcc/arm-none-eabi/4.8.4/../../../../arm-none-eabi/lib/armv7-m\libc.a(lib_a-vfiprintf.o)
 .rodata.zeroes.6721
                0x00004e8c       0x10 d:/program/lpcxpresso_7.3.0_186/lpcxpresso/tools/bin/../lib/gcc/arm-none-eabi/4.8.4/../../../../arm-none-eabi/lib/armv7-m\libc.a(lib_a-vfiprintf.o)
 .rodata.blanks.6720
                0x00004e9c       0x10 d:/program/lpcxpresso_7.3.0_186/lpcxpresso/tools/bin/../lib/gcc/arm-none-eabi/4.8.4/../../../../arm-none-eabi/lib/armv7-m\libc.a(lib_a-vfiprintf.o)
                0x00004eac                . = ALIGN (0x4)
                0x00004eac                . = ALIGN (0x4)
 *(.init)
 .init          0x00004eac        0x4 d:/program/lpcxpresso_7.3.0_186/lpcxpresso/tools/bin/../lib/gcc/arm-none-eabi/4.8.4/armv7-m\crti.o
                0x00004eac                _init
 .init          0x00004eb0        0x8 d:/program/lpcxpresso_7.3.0_186/lpcxpresso/tools/bin/../lib/gcc/arm-none-eabi/4.8.4/armv7-m\crtn.o
                0x00004eb8                . = ALIGN (0x4)
                0x00004eb8                __preinit_array_start = .
 *(.preinit_array)
                0x00004eb8                __preinit_array_end = .
                0x00004eb8                . = ALIGN (0x4)
                0x00004eb8                __init_array_start = .
 *(SORT(.init_array.*))
 *(.init_array)
 .init_array    0x00004eb8        0x4 d:/program/lpcxpresso_7.3.0_186/lpcxpresso/tools/bin/../lib/gcc/arm-none-eabi/4.8.4/armv7-m\crtbegin.o
                0x00004ebc                __init_array_end = .
 *(.fini)
 .fini          0x00004ebc        0x4 d:/program/lpcxpresso_7.3.0_186/lpcxpresso/tools/bin/../lib/gcc/arm-none-eabi/4.8.4/armv7-m\crti.o
                0x00004ebc                _fini
 .fini          0x00004ec0        0x8 d:/program/lpcxpresso_7.3.0_186/lpcxpresso/tools/bin/../lib/gcc/arm-none-eabi/4.8.4/armv7-m\crtn.o
                0x00004ec8                . = ALIGN (0x4)
 *crtbegin.o(.ctors)
 *(EXCLUDE_FILE(*crtend.o) .ctors)
 *(SORT(.ctors.*))
 *crtend.o(.ctors)
                0x00004ec8                . = ALIGN (0x4)
 *crtbegin.o(.dtors)
 *(EXCLUDE_FILE(*crtend.o) .dtors)
 *(SORT(.dtors.*))
 *crtend.o(.dtors)
                0x00004ec8                . = ALIGN (0x4)

.glue_7         0x00004ec8        0x0
 .glue_7        0x00000000        0x0 linker stubs

.glue_7t        0x00004ec8        0x0
 .glue_7t       0x00000000        0x0 linker stubs

.vfp11_veneer   0x00004ec8        0x0
 .vfp11_veneer  0x00000000        0x0 linker stubs

.v4_bx          0x00004ec8        0x0
 .v4_bx         0x00000000        0x0 linker stubs

.iplt           0x00004ec8        0x0
 .iplt          0x00000000        0x0 ./src/util/rgb_led.o

.ARM.extab
 *(.ARM.extab* .gnu.linkonce.armextab.*)
                0x00004ec8                __exidx_start = .

.ARM.exidx      0x00004ec8        0x8
 *(.ARM.exidx* .gnu.linkonce.armexidx.*)
 .ARM.exidx     0x00004ec8        0x8 d:/program/lpcxpresso_7.3.0_186/lpcxpresso/tools/bin/../lib/gcc/arm-none-eabi/4.8.4/armv7-m\libgcc.a(_divdi3.o)
 .ARM.exidx     0x00004ed0        0x0 d:/program/lpcxpresso_7.3.0_186/lpcxpresso/tools/bin/../lib/gcc/arm-none-eabi/4.8.4/armv7-m\libgcc.a(_udivdi3.o)
                                  0x8 (size before relaxing)
                0x00004ed0                __exidx_end = .
                0x00004ed0                _etext = .

.rel.dyn        0x00004ed0        0x0
 .rel.iplt      0x00000000        0x0 ./src/util/rgb_led.o

.eh_frame       0x00004ed0        0x0
 .eh_frame      0x00004ed0        0x0 d:/program/lpcxpresso_7.3.0_186/lpcxpresso/tools/bin/../lib/gcc/arm-none-eabi/4.8.4/armv7-m\crtbegin.o

.data_RAM2      0x2007c000        0x0 load address 0x00004ed0
 FILL mask 0xff
 *(.ramfunc.$RAM2)
 *(.ramfunc.$RamAHB32)
 *(.data.$RAM2*)
 *(.data.$RamAHB32*)
                0x2007c000                . = ALIGN (0x4)

.uninit_RESERVED
                0x10000000        0x0
 *(.bss.$RESERVED*)
                0x10000000                . = ALIGN (0x4)
                0x10000000                _end_uninit_RESERVED = .

.data           0x10000000      0x864 load address 0x00004ed0
 FILL mask 0xff
                0x10000000                _data = .
 *(vtable)
 *(.ramfunc*)
 *(.data*)
 .data.impure_data
                0x10000000      0x428 d:/program/lpcxpresso_7.3.0_186/lpcxpresso/tools/bin/../lib/gcc/arm-none-eabi/4.8.4/../../../../arm-none-eabi/lib/armv7-m\libc.a(lib_a-impure.o)
 .data._impure_ptr
                0x10000428        0x4 d:/program/lpcxpresso_7.3.0_186/lpcxpresso/tools/bin/../lib/gcc/arm-none-eabi/4.8.4/../../../../arm-none-eabi/lib/armv7-m\libc.a(lib_a-impure.o)
                0x10000428                _impure_ptr
 .data.__malloc_av_
                0x1000042c      0x408 d:/program/lpcxpresso_7.3.0_186/lpcxpresso/tools/bin/../lib/gcc/arm-none-eabi/4.8.4/../../../../arm-none-eabi/lib/armv7-m\libc.a(lib_a-mallocr.o)
                0x1000042c                __malloc_av_
 .data.__malloc_trim_threshold
                0x10000834        0x4 d:/program/lpcxpresso_7.3.0_186/lpcxpresso/tools/bin/../lib/gcc/arm-none-eabi/4.8.4/../../../../arm-none-eabi/lib/armv7-m\libc.a(lib_a-mallocr.o)
                0x10000834                __malloc_trim_threshold
 .data.__malloc_sbrk_base
                0x10000838        0x4 d:/program/lpcxpresso_7.3.0_186/lpcxpresso/tools/bin/../lib/gcc/arm-none-eabi/4.8.4/../../../../arm-none-eabi/lib/armv7-m\libc.a(lib_a-mallocr.o)
                0x10000838                __malloc_sbrk_base
 .data.lc_ctype_charset
                0x1000083c       0x20 d:/program/lpcxpresso_7.3.0_186/lpcxpresso/tools/bin/../lib/gcc/arm-none-eabi/4.8.4/../../../../arm-none-eabi/lib/armv7-m\libc.a(lib_a-locale.o)
 .data.__mb_cur_max
                0x1000085c        0x4 d:/program/lpcxpresso_7.3.0_186/lpcxpresso/tools/bin/../lib/gcc/arm-none-eabi/4.8.4/../../../../arm-none-eabi/lib/armv7-m\libc.a(lib_a-locale.o)
                0x1000085c                __mb_cur_max
 .data.__wctomb
                0x10000860        0x4 d:/program/lpcxpresso_7.3.0_186/lpcxpresso/tools/bin/../lib/gcc/arm-none-eabi/4.8.4/../../../../arm-none-eabi/lib/armv7-m\libc.a(lib_a-wctomb_r.o)
                0x10000860                __wctomb
                0x10000864                . = ALIGN (0x4)
                0x10000864                _edata = .

.igot.plt       0x10000864        0x0 load address 0x00005734
 .igot.plt      0x00000000        0x0 ./src/util/rgb_led.o

.jcr            0x10000864        0x0 load address 0x00005734
 .jcr           0x10000864        0x0 d:/program/lpcxpresso_7.3.0_186/lpcxpresso/tools/bin/../lib/gcc/arm-none-eabi/4.8.4/armv7-m\crtbegin.o

.bss_RAM2       0x2007c000        0x0
 *(.bss.$RAM2*)
 *(.bss.$RamAHB32*)
                0x2007c000                . = ALIGN (0x4)

.bss            0x10000864       0x60
                0x10000864                _bss = .
 *(.bss*)
 .bss.mode      0x10000864        0x1 ./src/main.o
                0x10000864                mode
 .bss.override_light
                0x10000865        0x1 ./src/main.o
                0x10000865                override_light
 *fill*         0x10000866        0x2 
 .bss.__malloc_max_total_mem
                0x10000868        0x4 d:/program/lpcxpresso_7.3.0_186/lpcxpresso/tools/bin/../lib/gcc/arm-none-eabi/4.8.4/../../../../arm-none-eabi/lib/armv7-m\libc.a(lib_a-mallocr.o)
                0x10000868                __malloc_max_total_mem
 .bss.__malloc_max_sbrked_mem
                0x1000086c        0x4 d:/program/lpcxpresso_7.3.0_186/lpcxpresso/tools/bin/../lib/gcc/arm-none-eabi/4.8.4/../../../../arm-none-eabi/lib/armv7-m\libc.a(lib_a-mallocr.o)
                0x1000086c                __malloc_max_sbrked_mem
 .bss.__malloc_top_pad
                0x10000870        0x4 d:/program/lpcxpresso_7.3.0_186/lpcxpresso/tools/bin/../lib/gcc/arm-none-eabi/4.8.4/../../../../arm-none-eabi/lib/armv7-m\libc.a(lib_a-mallocr.o)
                0x10000870                __malloc_top_pad
 .bss.__malloc_current_mallinfo
                0x10000874       0x28 d:/program/lpcxpresso_7.3.0_186/lpcxpresso/tools/bin/../lib/gcc/arm-none-eabi/4.8.4/../../../../arm-none-eabi/lib/armv7-m\libc.a(lib_a-mallocr.o)
                0x10000874                __malloc_current_mallinfo
 .bss           0x1000089c       0x1c d:/program/lpcxpresso_7.3.0_186/lpcxpresso/tools/bin/../lib/gcc/arm-none-eabi/4.8.4/armv7-m\crtbegin.o
 *(COMMON)
 COMMON         0x100008b8        0x4 C:\Users\Apipol\Documents\LPCXpresso_7.3.0_186\workspace\lpc_chip_175x_6x\Debug\liblpc_chip_175x_6x.a(chip_17xx_40xx.o)
                0x100008b8                SystemCoreClock
 COMMON         0x100008bc        0x4 d:/program/lpcxpresso_7.3.0_186/lpcxpresso/tools/bin/../lib/gcc/arm-none-eabi/4.8.4/../../../../arm-none-eabi/lib/armv7-m\libc.a(lib_a-reent.o)
                0x100008bc                errno
 COMMON         0x100008c0        0x4 d:/program/lpcxpresso_7.3.0_186/lpcxpresso/tools/bin/../lib/gcc/arm-none-eabi/4.8.4/../../../../arm-none-eabi/lib/armv7-m\libcr_newlib_nohost.a(_cr_sbrk.o)
                0x100008c0                __end_of_heap
                0x100008c4                . = ALIGN (0x4)
                0x100008c4                _ebss = .
                0x100008c4                PROVIDE (end, .)

.noinit_RAM2    0x2007c000        0x0
 *(.noinit.$RAM2*)
 *(.noinit.$RamAHB32*)
                0x2007c000                . = ALIGN (0x4)

.noinit         0x100008c4        0x0
                0x100008c4                _noinit = .
 *(.noinit*)
                0x100008c4                . = ALIGN (0x4)
                0x100008c4                _end_noinit = .
                0x100008c4                PROVIDE (_pvHeapStart, .)
                0x10008000                PROVIDE (_vStackTop, (__top_RamLoc32 - 0x0))
OUTPUT(traffic.axf elf32-littlearm)

.debug_info     0x00000000     0xa6d3
 .debug_info    0x00000000      0x576 ./src/util/rgb_led.o
 .debug_info    0x00000576      0x472 ./src/util/segment7.o
 .debug_info    0x000009e8      0x797 ./src/util/timer.o
 .debug_info    0x0000117f      0x68d ./src/traffic_light/traffic_light.o
 .debug_info    0x0000180c      0xcb6 ./src/intersection/intersection.o
 .debug_info    0x000024c2      0x831 ./src/intersection/mode.o
 .debug_info    0x00002cf3      0x892 ./src/intersection/state.o
 .debug_info    0x00003585      0x271 ./src/cr_startup_lpc175x_6x.o
 .debug_info    0x000037f6       0x3f ./src/crp.o
 .debug_info    0x00003835      0xbc7 ./src/main.o
 .debug_info    0x000043fc      0x11f ./src/sysinit.o
 .debug_info    0x0000451b     0x1d86 C:\Users\Apipol\Documents\LPCXpresso_7.3.0_186\workspace\lpc_board_nxp_lpcxpresso_1769\Debug\liblpc_board_nxp_lpcxpresso_1769.a(board.o)
 .debug_info    0x000062a1      0x604 C:\Users\Apipol\Documents\LPCXpresso_7.3.0_186\workspace\lpc_board_nxp_lpcxpresso_1769\Debug\liblpc_board_nxp_lpcxpresso_1769.a(board_sysinit.o)
 .debug_info    0x000068a5      0x5fd C:\Users\Apipol\Documents\LPCXpresso_7.3.0_186\workspace\lpc_chip_175x_6x\Debug\liblpc_chip_175x_6x.a(chip_17xx_40xx.o)
 .debug_info    0x00006ea2      0xc9e C:\Users\Apipol\Documents\LPCXpresso_7.3.0_186\workspace\lpc_chip_175x_6x\Debug\liblpc_chip_175x_6x.a(clock_17xx_40xx.o)
 .debug_info    0x00007b40      0x339 C:\Users\Apipol\Documents\LPCXpresso_7.3.0_186\workspace\lpc_chip_175x_6x\Debug\liblpc_chip_175x_6x.a(iocon_17xx_40xx.o)
 .debug_info    0x00007e79      0x685 C:\Users\Apipol\Documents\LPCXpresso_7.3.0_186\workspace\lpc_chip_175x_6x\Debug\liblpc_chip_175x_6x.a(sysinit_17xx_40xx.o)
 .debug_info    0x000084fe      0x46b C:\Users\Apipol\Documents\LPCXpresso_7.3.0_186\workspace\lpc_chip_175x_6x\Debug\liblpc_chip_175x_6x.a(timer_17xx_40xx.o)
 .debug_info    0x00008969     0x1433 C:\Users\Apipol\Documents\LPCXpresso_7.3.0_186\workspace\lpc_chip_175x_6x\Debug\liblpc_chip_175x_6x.a(uart_17xx_40xx.o)
 .debug_info    0x00009d9c      0x12d d:/program/lpcxpresso_7.3.0_186/lpcxpresso/tools/bin/../lib/gcc/arm-none-eabi/4.8.4/../../../../arm-none-eabi/lib/armv7-m\libcr_newlib_nohost.a(_cr_sbrk.o)
 .debug_info    0x00009ec9       0x58 d:/program/lpcxpresso_7.3.0_186/lpcxpresso/tools/bin/../lib/gcc/arm-none-eabi/4.8.4/../../../../arm-none-eabi/lib/armv7-m\libcr_newlib_nohost.a(_exit.o)
 .debug_info    0x00009f21       0xae d:/program/lpcxpresso_7.3.0_186/lpcxpresso/tools/bin/../lib/gcc/arm-none-eabi/4.8.4/../../../../arm-none-eabi/lib/armv7-m\libcr_newlib_nohost.a(close.o)
 .debug_info    0x00009fcf      0x22d d:/program/lpcxpresso_7.3.0_186/lpcxpresso/tools/bin/../lib/gcc/arm-none-eabi/4.8.4/../../../../arm-none-eabi/lib/armv7-m\libcr_newlib_nohost.a(fstat.o)
 .debug_info    0x0000a1fc       0x9a d:/program/lpcxpresso_7.3.0_186/lpcxpresso/tools/bin/../lib/gcc/arm-none-eabi/4.8.4/../../../../arm-none-eabi/lib/armv7-m\libcr_newlib_nohost.a(getpid.o)
 .debug_info    0x0000a296       0xae d:/program/lpcxpresso_7.3.0_186/lpcxpresso/tools/bin/../lib/gcc/arm-none-eabi/4.8.4/../../../../arm-none-eabi/lib/armv7-m\libcr_newlib_nohost.a(isatty.o)
 .debug_info    0x0000a344       0xbb d:/program/lpcxpresso_7.3.0_186/lpcxpresso/tools/bin/../lib/gcc/arm-none-eabi/4.8.4/../../../../arm-none-eabi/lib/armv7-m\libcr_newlib_nohost.a(kill.o)
 .debug_info    0x0000a3ff       0xca d:/program/lpcxpresso_7.3.0_186/lpcxpresso/tools/bin/../lib/gcc/arm-none-eabi/4.8.4/../../../../arm-none-eabi/lib/armv7-m\libcr_newlib_nohost.a(lseek.o)
 .debug_info    0x0000a4c9       0xd0 d:/program/lpcxpresso_7.3.0_186/lpcxpresso/tools/bin/../lib/gcc/arm-none-eabi/4.8.4/../../../../arm-none-eabi/lib/armv7-m\libcr_newlib_nohost.a(read.o)
 .debug_info    0x0000a599       0xd0 d:/program/lpcxpresso_7.3.0_186/lpcxpresso/tools/bin/../lib/gcc/arm-none-eabi/4.8.4/../../../../arm-none-eabi/lib/armv7-m\libcr_newlib_nohost.a(write.o)
 .debug_info    0x0000a669       0x6a d:/program/lpcxpresso_7.3.0_186/lpcxpresso/tools/bin/../lib/gcc/arm-none-eabi/4.8.4/../../../../arm-none-eabi/lib/armv7-m\libcr_newlib_nohost.a(_cr_check_heap.o)

.debug_abbrev   0x00000000     0x2e6d
 .debug_abbrev  0x00000000      0x213 ./src/util/rgb_led.o
 .debug_abbrev  0x00000213      0x203 ./src/util/segment7.o
 .debug_abbrev  0x00000416      0x1d2 ./src/util/timer.o
 .debug_abbrev  0x000005e8      0x24c ./src/traffic_light/traffic_light.o
 .debug_abbrev  0x00000834      0x320 ./src/intersection/intersection.o
 .debug_abbrev  0x00000b54      0x20c ./src/intersection/mode.o
 .debug_abbrev  0x00000d60      0x2de ./src/intersection/state.o
 .debug_abbrev  0x0000103e       0xf8 ./src/cr_startup_lpc175x_6x.o
 .debug_abbrev  0x00001136       0x36 ./src/crp.o
 .debug_abbrev  0x0000116c      0x313 ./src/main.o
 .debug_abbrev  0x0000147f       0xa3 ./src/sysinit.o
 .debug_abbrev  0x00001522      0x420 C:\Users\Apipol\Documents\LPCXpresso_7.3.0_186\workspace\lpc_board_nxp_lpcxpresso_1769\Debug\liblpc_board_nxp_lpcxpresso_1769.a(board.o)
 .debug_abbrev  0x00001942      0x1d3 C:\Users\Apipol\Documents\LPCXpresso_7.3.0_186\workspace\lpc_board_nxp_lpcxpresso_1769\Debug\liblpc_board_nxp_lpcxpresso_1769.a(board_sysinit.o)
 .debug_abbrev  0x00001b15      0x1bc C:\Users\Apipol\Documents\LPCXpresso_7.3.0_186\workspace\lpc_chip_175x_6x\Debug\liblpc_chip_175x_6x.a(chip_17xx_40xx.o)
 .debug_abbrev  0x00001cd1      0x320 C:\Users\Apipol\Documents\LPCXpresso_7.3.0_186\workspace\lpc_chip_175x_6x\Debug\liblpc_chip_175x_6x.a(clock_17xx_40xx.o)
 .debug_abbrev  0x00001ff1      0x132 C:\Users\Apipol\Documents\LPCXpresso_7.3.0_186\workspace\lpc_chip_175x_6x\Debug\liblpc_chip_175x_6x.a(iocon_17xx_40xx.o)
 .debug_abbrev  0x00002123      0x1f2 C:\Users\Apipol\Documents\LPCXpresso_7.3.0_186\workspace\lpc_chip_175x_6x\Debug\liblpc_chip_175x_6x.a(sysinit_17xx_40xx.o)
 .debug_abbrev  0x00002315      0x1c1 C:\Users\Apipol\Documents\LPCXpresso_7.3.0_186\workspace\lpc_chip_175x_6x\Debug\liblpc_chip_175x_6x.a(timer_17xx_40xx.o)
 .debug_abbrev  0x000024d6      0x3fb C:\Users\Apipol\Documents\LPCXpresso_7.3.0_186\workspace\lpc_chip_175x_6x\Debug\liblpc_chip_175x_6x.a(uart_17xx_40xx.o)
 .debug_abbrev  0x000028d1       0xf6 d:/program/lpcxpresso_7.3.0_186/lpcxpresso/tools/bin/../lib/gcc/arm-none-eabi/4.8.4/../../../../arm-none-eabi/lib/armv7-m\libcr_newlib_nohost.a(_cr_sbrk.o)
 .debug_abbrev  0x000029c7       0x55 d:/program/lpcxpresso_7.3.0_186/lpcxpresso/tools/bin/../lib/gcc/arm-none-eabi/4.8.4/../../../../arm-none-eabi/lib/armv7-m\libcr_newlib_nohost.a(_exit.o)
 .debug_abbrev  0x00002a1c       0x66 d:/program/lpcxpresso_7.3.0_186/lpcxpresso/tools/bin/../lib/gcc/arm-none-eabi/4.8.4/../../../../arm-none-eabi/lib/armv7-m\libcr_newlib_nohost.a(close.o)
 .debug_abbrev  0x00002a82       0xbb d:/program/lpcxpresso_7.3.0_186/lpcxpresso/tools/bin/../lib/gcc/arm-none-eabi/4.8.4/../../../../arm-none-eabi/lib/armv7-m\libcr_newlib_nohost.a(fstat.o)
 .debug_abbrev  0x00002b3d       0x55 d:/program/lpcxpresso_7.3.0_186/lpcxpresso/tools/bin/../lib/gcc/arm-none-eabi/4.8.4/../../../../arm-none-eabi/lib/armv7-m\libcr_newlib_nohost.a(getpid.o)
 .debug_abbrev  0x00002b92       0x66 d:/program/lpcxpresso_7.3.0_186/lpcxpresso/tools/bin/../lib/gcc/arm-none-eabi/4.8.4/../../../../arm-none-eabi/lib/armv7-m\libcr_newlib_nohost.a(isatty.o)
 .debug_abbrev  0x00002bf8       0x75 d:/program/lpcxpresso_7.3.0_186/lpcxpresso/tools/bin/../lib/gcc/arm-none-eabi/4.8.4/../../../../arm-none-eabi/lib/armv7-m\libcr_newlib_nohost.a(kill.o)
 .debug_abbrev  0x00002c6d       0x84 d:/program/lpcxpresso_7.3.0_186/lpcxpresso/tools/bin/../lib/gcc/arm-none-eabi/4.8.4/../../../../arm-none-eabi/lib/armv7-m\libcr_newlib_nohost.a(lseek.o)
 .debug_abbrev  0x00002cf1       0x8d d:/program/lpcxpresso_7.3.0_186/lpcxpresso/tools/bin/../lib/gcc/arm-none-eabi/4.8.4/../../../../arm-none-eabi/lib/armv7-m\libcr_newlib_nohost.a(read.o)
 .debug_abbrev  0x00002d7e       0x8d d:/program/lpcxpresso_7.3.0_186/lpcxpresso/tools/bin/../lib/gcc/arm-none-eabi/4.8.4/../../../../arm-none-eabi/lib/armv7-m\libcr_newlib_nohost.a(write.o)
 .debug_abbrev  0x00002e0b       0x62 d:/program/lpcxpresso_7.3.0_186/lpcxpresso/tools/bin/../lib/gcc/arm-none-eabi/4.8.4/../../../../arm-none-eabi/lib/armv7-m\libcr_newlib_nohost.a(_cr_check_heap.o)

.debug_aranges  0x00000000      0x8f0
 .debug_aranges
                0x00000000       0x60 ./src/util/rgb_led.o
 .debug_aranges
                0x00000060       0x50 ./src/util/segment7.o
 .debug_aranges
                0x000000b0       0xa0 ./src/util/timer.o
 .debug_aranges
                0x00000150       0x68 ./src/traffic_light/traffic_light.o
 .debug_aranges
                0x000001b8       0xa8 ./src/intersection/intersection.o
 .debug_aranges
                0x00000260       0x80 ./src/intersection/mode.o
 .debug_aranges
                0x000002e0       0x48 ./src/intersection/state.o
 .debug_aranges
                0x00000328       0x80 ./src/cr_startup_lpc175x_6x.o
 .debug_aranges
                0x000003a8       0x18 ./src/crp.o
 .debug_aranges
                0x000003c0       0x50 ./src/main.o
 .debug_aranges
                0x00000410       0x20 ./src/sysinit.o
 .debug_aranges
                0x00000430       0xe0 C:\Users\Apipol\Documents\LPCXpresso_7.3.0_186\workspace\lpc_board_nxp_lpcxpresso_1769\Debug\liblpc_board_nxp_lpcxpresso_1769.a(board.o)
 .debug_aranges
                0x00000510       0x30 C:\Users\Apipol\Documents\LPCXpresso_7.3.0_186\workspace\lpc_board_nxp_lpcxpresso_1769\Debug\liblpc_board_nxp_lpcxpresso_1769.a(board_sysinit.o)
 .debug_aranges
                0x00000540       0x28 C:\Users\Apipol\Documents\LPCXpresso_7.3.0_186\workspace\lpc_chip_175x_6x\Debug\liblpc_chip_175x_6x.a(chip_17xx_40xx.o)
 .debug_aranges
                0x00000568       0xc8 C:\Users\Apipol\Documents\LPCXpresso_7.3.0_186\workspace\lpc_chip_175x_6x\Debug\liblpc_chip_175x_6x.a(clock_17xx_40xx.o)
 .debug_aranges
                0x00000630       0x30 C:\Users\Apipol\Documents\LPCXpresso_7.3.0_186\workspace\lpc_chip_175x_6x\Debug\liblpc_chip_175x_6x.a(iocon_17xx_40xx.o)
 .debug_aranges
                0x00000660       0x30 C:\Users\Apipol\Documents\LPCXpresso_7.3.0_186\workspace\lpc_chip_175x_6x\Debug\liblpc_chip_175x_6x.a(sysinit_17xx_40xx.o)
 .debug_aranges
                0x00000690       0x40 C:\Users\Apipol\Documents\LPCXpresso_7.3.0_186\workspace\lpc_chip_175x_6x\Debug\liblpc_chip_175x_6x.a(timer_17xx_40xx.o)
 .debug_aranges
                0x000006d0       0xc0 C:\Users\Apipol\Documents\LPCXpresso_7.3.0_186\workspace\lpc_chip_175x_6x\Debug\liblpc_chip_175x_6x.a(uart_17xx_40xx.o)
 .debug_aranges
                0x00000790       0x20 d:/program/lpcxpresso_7.3.0_186/lpcxpresso/tools/bin/../lib/gcc/arm-none-eabi/4.8.4/../../../../arm-none-eabi/lib/armv7-m\libcr_newlib_nohost.a(_cr_sbrk.o)
 .debug_aranges
                0x000007b0       0x20 d:/program/lpcxpresso_7.3.0_186/lpcxpresso/tools/bin/../lib/gcc/arm-none-eabi/4.8.4/../../../../arm-none-eabi/lib/armv7-m\libcr_newlib_nohost.a(_exit.o)
 .debug_aranges
                0x000007d0       0x20 d:/program/lpcxpresso_7.3.0_186/lpcxpresso/tools/bin/../lib/gcc/arm-none-eabi/4.8.4/../../../../arm-none-eabi/lib/armv7-m\libcr_newlib_nohost.a(close.o)
 .debug_aranges
                0x000007f0       0x20 d:/program/lpcxpresso_7.3.0_186/lpcxpresso/tools/bin/../lib/gcc/arm-none-eabi/4.8.4/../../../../arm-none-eabi/lib/armv7-m\libcr_newlib_nohost.a(fstat.o)
 .debug_aranges
                0x00000810       0x20 d:/program/lpcxpresso_7.3.0_186/lpcxpresso/tools/bin/../lib/gcc/arm-none-eabi/4.8.4/../../../../arm-none-eabi/lib/armv7-m\libcr_newlib_nohost.a(getpid.o)
 .debug_aranges
                0x00000830       0x20 d:/program/lpcxpresso_7.3.0_186/lpcxpresso/tools/bin/../lib/gcc/arm-none-eabi/4.8.4/../../../../arm-none-eabi/lib/armv7-m\libcr_newlib_nohost.a(isatty.o)
 .debug_aranges
                0x00000850       0x20 d:/program/lpcxpresso_7.3.0_186/lpcxpresso/tools/bin/../lib/gcc/arm-none-eabi/4.8.4/../../../../arm-none-eabi/lib/armv7-m\libcr_newlib_nohost.a(kill.o)
 .debug_aranges
                0x00000870       0x20 d:/program/lpcxpresso_7.3.0_186/lpcxpresso/tools/bin/../lib/gcc/arm-none-eabi/4.8.4/../../../../arm-none-eabi/lib/armv7-m\libcr_newlib_nohost.a(lseek.o)
 .debug_aranges
                0x00000890       0x20 d:/program/lpcxpresso_7.3.0_186/lpcxpresso/tools/bin/../lib/gcc/arm-none-eabi/4.8.4/../../../../arm-none-eabi/lib/armv7-m\libcr_newlib_nohost.a(read.o)
 .debug_aranges
                0x000008b0       0x20 d:/program/lpcxpresso_7.3.0_186/lpcxpresso/tools/bin/../lib/gcc/arm-none-eabi/4.8.4/../../../../arm-none-eabi/lib/armv7-m\libcr_newlib_nohost.a(write.o)
 .debug_aranges
                0x000008d0       0x20 d:/program/lpcxpresso_7.3.0_186/lpcxpresso/tools/bin/../lib/gcc/arm-none-eabi/4.8.4/../../../../arm-none-eabi/lib/armv7-m\libcr_newlib_nohost.a(_cr_check_heap.o)

.debug_ranges   0x00000000      0x738
 .debug_ranges  0x00000000       0x50 ./src/util/rgb_led.o
 .debug_ranges  0x00000050       0x40 ./src/util/segment7.o
 .debug_ranges  0x00000090       0x90 ./src/util/timer.o
 .debug_ranges  0x00000120       0x58 ./src/traffic_light/traffic_light.o
 .debug_ranges  0x00000178       0xb0 ./src/intersection/intersection.o
 .debug_ranges  0x00000228       0x70 ./src/intersection/mode.o
 .debug_ranges  0x00000298       0x38 ./src/intersection/state.o
 .debug_ranges  0x000002d0       0x70 ./src/cr_startup_lpc175x_6x.o
 .debug_ranges  0x00000340       0x40 ./src/main.o
 .debug_ranges  0x00000380       0x10 ./src/sysinit.o
 .debug_ranges  0x00000390       0xe8 C:\Users\Apipol\Documents\LPCXpresso_7.3.0_186\workspace\lpc_board_nxp_lpcxpresso_1769\Debug\liblpc_board_nxp_lpcxpresso_1769.a(board.o)
 .debug_ranges  0x00000478       0x20 C:\Users\Apipol\Documents\LPCXpresso_7.3.0_186\workspace\lpc_board_nxp_lpcxpresso_1769\Debug\liblpc_board_nxp_lpcxpresso_1769.a(board_sysinit.o)
 .debug_ranges  0x00000498       0x18 C:\Users\Apipol\Documents\LPCXpresso_7.3.0_186\workspace\lpc_chip_175x_6x\Debug\liblpc_chip_175x_6x.a(chip_17xx_40xx.o)
 .debug_ranges  0x000004b0       0xb8 C:\Users\Apipol\Documents\LPCXpresso_7.3.0_186\workspace\lpc_chip_175x_6x\Debug\liblpc_chip_175x_6x.a(clock_17xx_40xx.o)
 .debug_ranges  0x00000568       0x20 C:\Users\Apipol\Documents\LPCXpresso_7.3.0_186\workspace\lpc_chip_175x_6x\Debug\liblpc_chip_175x_6x.a(iocon_17xx_40xx.o)
 .debug_ranges  0x00000588       0x20 C:\Users\Apipol\Documents\LPCXpresso_7.3.0_186\workspace\lpc_chip_175x_6x\Debug\liblpc_chip_175x_6x.a(sysinit_17xx_40xx.o)
 .debug_ranges  0x000005a8       0x30 C:\Users\Apipol\Documents\LPCXpresso_7.3.0_186\workspace\lpc_chip_175x_6x\Debug\liblpc_chip_175x_6x.a(timer_17xx_40xx.o)
 .debug_ranges  0x000005d8       0xb0 C:\Users\Apipol\Documents\LPCXpresso_7.3.0_186\workspace\lpc_chip_175x_6x\Debug\liblpc_chip_175x_6x.a(uart_17xx_40xx.o)
 .debug_ranges  0x00000688       0x10 d:/program/lpcxpresso_7.3.0_186/lpcxpresso/tools/bin/../lib/gcc/arm-none-eabi/4.8.4/../../../../arm-none-eabi/lib/armv7-m\libcr_newlib_nohost.a(_cr_sbrk.o)
 .debug_ranges  0x00000698       0x10 d:/program/lpcxpresso_7.3.0_186/lpcxpresso/tools/bin/../lib/gcc/arm-none-eabi/4.8.4/../../../../arm-none-eabi/lib/armv7-m\libcr_newlib_nohost.a(_exit.o)
 .debug_ranges  0x000006a8       0x10 d:/program/lpcxpresso_7.3.0_186/lpcxpresso/tools/bin/../lib/gcc/arm-none-eabi/4.8.4/../../../../arm-none-eabi/lib/armv7-m\libcr_newlib_nohost.a(close.o)
 .debug_ranges  0x000006b8       0x10 d:/program/lpcxpresso_7.3.0_186/lpcxpresso/tools/bin/../lib/gcc/arm-none-eabi/4.8.4/../../../../arm-none-eabi/lib/armv7-m\libcr_newlib_nohost.a(fstat.o)
 .debug_ranges  0x000006c8       0x10 d:/program/lpcxpresso_7.3.0_186/lpcxpresso/tools/bin/../lib/gcc/arm-none-eabi/4.8.4/../../../../arm-none-eabi/lib/armv7-m\libcr_newlib_nohost.a(getpid.o)
 .debug_ranges  0x000006d8       0x10 d:/program/lpcxpresso_7.3.0_186/lpcxpresso/tools/bin/../lib/gcc/arm-none-eabi/4.8.4/../../../../arm-none-eabi/lib/armv7-m\libcr_newlib_nohost.a(isatty.o)
 .debug_ranges  0x000006e8       0x10 d:/program/lpcxpresso_7.3.0_186/lpcxpresso/tools/bin/../lib/gcc/arm-none-eabi/4.8.4/../../../../arm-none-eabi/lib/armv7-m\libcr_newlib_nohost.a(kill.o)
 .debug_ranges  0x000006f8       0x10 d:/program/lpcxpresso_7.3.0_186/lpcxpresso/tools/bin/../lib/gcc/arm-none-eabi/4.8.4/../../../../arm-none-eabi/lib/armv7-m\libcr_newlib_nohost.a(lseek.o)
 .debug_ranges  0x00000708       0x10 d:/program/lpcxpresso_7.3.0_186/lpcxpresso/tools/bin/../lib/gcc/arm-none-eabi/4.8.4/../../../../arm-none-eabi/lib/armv7-m\libcr_newlib_nohost.a(read.o)
 .debug_ranges  0x00000718       0x10 d:/program/lpcxpresso_7.3.0_186/lpcxpresso/tools/bin/../lib/gcc/arm-none-eabi/4.8.4/../../../../arm-none-eabi/lib/armv7-m\libcr_newlib_nohost.a(write.o)
 .debug_ranges  0x00000728       0x10 d:/program/lpcxpresso_7.3.0_186/lpcxpresso/tools/bin/../lib/gcc/arm-none-eabi/4.8.4/../../../../arm-none-eabi/lib/armv7-m\libcr_newlib_nohost.a(_cr_check_heap.o)

.debug_macro    0x00000000     0x8841
 .debug_macro   0x00000000      0x2f1 ./src/util/rgb_led.o
 .debug_macro   0x000002f1      0x880 ./src/util/rgb_led.o
 .debug_macro   0x00000b71       0x16 ./src/util/rgb_led.o
 .debug_macro   0x00000b87       0x44 ./src/util/rgb_led.o
 .debug_macro   0x00000bcb      0x209 ./src/util/rgb_led.o
 .debug_macro   0x00000dd4       0x28 ./src/util/rgb_led.o
 .debug_macro   0x00000dfc       0x7b ./src/util/rgb_led.o
 .debug_macro   0x00000e77       0x10 ./src/util/rgb_led.o
 .debug_macro   0x00000e87       0x2d ./src/util/rgb_led.o
 .debug_macro   0x00000eb4       0x3a ./src/util/rgb_led.o
 .debug_macro   0x00000eee       0x2d ./src/util/rgb_led.o
 .debug_macro   0x00000f1b      0xbb1 ./src/util/rgb_led.o
 .debug_macro   0x00001acc      0x233 ./src/util/rgb_led.o
 .debug_macro   0x00001cff       0x42 ./src/util/rgb_led.o
 .debug_macro   0x00001d41       0x52 ./src/util/rgb_led.o
 .debug_macro   0x00001d93       0x78 ./src/util/rgb_led.o
 .debug_macro   0x00001e0b       0x82 ./src/util/rgb_led.o
 .debug_macro   0x00001e8d      0x48c ./src/util/rgb_led.o
 .debug_macro   0x00002319       0x34 ./src/util/rgb_led.o
 .debug_macro   0x0000234d      0x4c5 ./src/util/rgb_led.o
 .debug_macro   0x00002812      0x1b7 ./src/util/rgb_led.o
 .debug_macro   0x000029c9       0x10 ./src/util/rgb_led.o
 .debug_macro   0x000029d9      0x21b ./src/util/rgb_led.o
 .debug_macro   0x00002bf4      0x1b9 ./src/util/rgb_led.o
 .debug_macro   0x00002dad       0x40 ./src/util/rgb_led.o
 .debug_macro   0x00002ded       0x22 ./src/util/rgb_led.o
 .debug_macro   0x00002e0f      0x162 ./src/util/rgb_led.o
 .debug_macro   0x00002f71       0x94 ./src/util/rgb_led.o
 .debug_macro   0x00003005       0xb8 ./src/util/rgb_led.o
 .debug_macro   0x000030bd       0x4c ./src/util/rgb_led.o
 .debug_macro   0x00003109       0x16 ./src/util/rgb_led.o
 .debug_macro   0x0000311f      0x328 ./src/util/rgb_led.o
 .debug_macro   0x00003447       0x49 ./src/util/rgb_led.o
 .debug_macro   0x00003490       0x16 ./src/util/rgb_led.o
 .debug_macro   0x000034a6       0xca ./src/util/rgb_led.o
 .debug_macro   0x00003570       0x18 ./src/util/rgb_led.o
 .debug_macro   0x00003588       0x70 ./src/util/rgb_led.o
 .debug_macro   0x000035f8       0x58 ./src/util/rgb_led.o
 .debug_macro   0x00003650       0x35 ./src/util/rgb_led.o
 .debug_macro   0x00003685       0xa2 ./src/util/rgb_led.o
 .debug_macro   0x00003727       0x16 ./src/util/rgb_led.o
 .debug_macro   0x0000373d       0x97 ./src/util/rgb_led.o
 .debug_macro   0x000037d4       0x10 ./src/util/rgb_led.o
 .debug_macro   0x000037e4       0xef ./src/util/rgb_led.o
 .debug_macro   0x000038d3       0x52 ./src/util/rgb_led.o
 .debug_macro   0x00003925       0x16 ./src/util/rgb_led.o
 .debug_macro   0x0000393b       0x43 ./src/util/rgb_led.o
 .debug_macro   0x0000397e      0x180 ./src/util/rgb_led.o
 .debug_macro   0x00003afe       0x10 ./src/util/rgb_led.o
 .debug_macro   0x00003b0e       0x22 ./src/util/rgb_led.o
 .debug_macro   0x00003b30       0xbd ./src/util/rgb_led.o
 .debug_macro   0x00003bed       0x16 ./src/util/rgb_led.o
 .debug_macro   0x00003c03      0x16c ./src/util/rgb_led.o
 .debug_macro   0x00003d6f       0x20 ./src/util/rgb_led.o
 .debug_macro   0x00003d8f       0x28 ./src/util/rgb_led.o
 .debug_macro   0x00003db7      0x2f1 ./src/util/segment7.o
 .debug_macro   0x000040a8      0x2e7 ./src/util/timer.o
 .debug_macro   0x0000438f      0x862 ./src/util/timer.o
 .debug_macro   0x00004bf1       0x22 ./src/util/timer.o
 .debug_macro   0x00004c13      0xbb1 ./src/util/timer.o
 .debug_macro   0x000057c4       0xa2 ./src/util/timer.o
 .debug_macro   0x00005866       0x97 ./src/util/timer.o
 .debug_macro   0x000058fd       0xef ./src/util/timer.o
 .debug_macro   0x000059ec       0x43 ./src/util/timer.o
 .debug_macro   0x00005a2f       0x65 ./src/traffic_light/traffic_light.o
 .debug_macro   0x00005a94       0x16 ./src/traffic_light/traffic_light.o
 .debug_macro   0x00005aaa      0x31d ./src/intersection/intersection.o
 .debug_macro   0x00005dc7       0x5e ./src/intersection/intersection.o
 .debug_macro   0x00005e25      0x2f0 ./src/intersection/mode.o
 .debug_macro   0x00006115      0x321 ./src/intersection/state.o
 .debug_macro   0x00006436       0x16 ./src/intersection/state.o
 .debug_macro   0x0000644c       0x1d ./src/cr_startup_lpc175x_6x.o
 .debug_macro   0x00006469       0x1a ./src/crp.o
 .debug_macro   0x00006483       0x34 ./src/crp.o
 .debug_macro   0x000064b7      0x332 ./src/main.o
 .debug_macro   0x000067e9       0x82 ./src/main.o
 .debug_macro   0x0000686b      0x2dd ./src/sysinit.o
 .debug_macro   0x00006b48      0x376 C:\Users\Apipol\Documents\LPCXpresso_7.3.0_186\workspace\lpc_board_nxp_lpcxpresso_1769\Debug\liblpc_board_nxp_lpcxpresso_1769.a(board.o)
 .debug_macro   0x00006ebe      0x856 C:\Users\Apipol\Documents\LPCXpresso_7.3.0_186\workspace\lpc_board_nxp_lpcxpresso_1769\Debug\liblpc_board_nxp_lpcxpresso_1769.a(board.o)
 .debug_macro   0x00007714      0x2a6 C:\Users\Apipol\Documents\LPCXpresso_7.3.0_186\workspace\lpc_board_nxp_lpcxpresso_1769\Debug\liblpc_board_nxp_lpcxpresso_1769.a(board.o)
 .debug_macro   0x000079ba       0x10 C:\Users\Apipol\Documents\LPCXpresso_7.3.0_186\workspace\lpc_board_nxp_lpcxpresso_1769\Debug\liblpc_board_nxp_lpcxpresso_1769.a(board.o)
 .debug_macro   0x000079ca       0x35 C:\Users\Apipol\Documents\LPCXpresso_7.3.0_186\workspace\lpc_board_nxp_lpcxpresso_1769\Debug\liblpc_board_nxp_lpcxpresso_1769.a(board.o)
 .debug_macro   0x000079ff       0x1f C:\Users\Apipol\Documents\LPCXpresso_7.3.0_186\workspace\lpc_board_nxp_lpcxpresso_1769\Debug\liblpc_board_nxp_lpcxpresso_1769.a(board.o)
 .debug_macro   0x00007a1e       0x12 C:\Users\Apipol\Documents\LPCXpresso_7.3.0_186\workspace\lpc_board_nxp_lpcxpresso_1769\Debug\liblpc_board_nxp_lpcxpresso_1769.a(board.o)
 .debug_macro   0x00007a30      0x2dd C:\Users\Apipol\Documents\LPCXpresso_7.3.0_186\workspace\lpc_board_nxp_lpcxpresso_1769\Debug\liblpc_board_nxp_lpcxpresso_1769.a(board_sysinit.o)
 .debug_macro   0x00007d0d      0x1de C:\Users\Apipol\Documents\LPCXpresso_7.3.0_186\workspace\lpc_chip_175x_6x\Debug\liblpc_chip_175x_6x.a(chip_17xx_40xx.o)
 .debug_macro   0x00007eeb      0x1de C:\Users\Apipol\Documents\LPCXpresso_7.3.0_186\workspace\lpc_chip_175x_6x\Debug\liblpc_chip_175x_6x.a(clock_17xx_40xx.o)
 .debug_macro   0x000080c9      0x1de C:\Users\Apipol\Documents\LPCXpresso_7.3.0_186\workspace\lpc_chip_175x_6x\Debug\liblpc_chip_175x_6x.a(iocon_17xx_40xx.o)
 .debug_macro   0x000082a7      0x1de C:\Users\Apipol\Documents\LPCXpresso_7.3.0_186\workspace\lpc_chip_175x_6x\Debug\liblpc_chip_175x_6x.a(sysinit_17xx_40xx.o)
 .debug_macro   0x00008485      0x1de C:\Users\Apipol\Documents\LPCXpresso_7.3.0_186\workspace\lpc_chip_175x_6x\Debug\liblpc_chip_175x_6x.a(timer_17xx_40xx.o)
 .debug_macro   0x00008663      0x1de C:\Users\Apipol\Documents\LPCXpresso_7.3.0_186\workspace\lpc_chip_175x_6x\Debug\liblpc_chip_175x_6x.a(uart_17xx_40xx.o)

.debug_line     0x00000000     0x753a
 .debug_line    0x00000000      0x6ad ./src/util/rgb_led.o
 .debug_line    0x000006ad      0x6b0 ./src/util/segment7.o
 .debug_line    0x00000d5d      0x754 ./src/util/timer.o
 .debug_line    0x000014b1      0x2bf ./src/traffic_light/traffic_light.o
 .debug_line    0x00001770      0x84f ./src/intersection/intersection.o
 .debug_line    0x00001fbf      0x746 ./src/intersection/mode.o
 .debug_line    0x00002705      0x796 ./src/intersection/state.o
 .debug_line    0x00002e9b       0xdc ./src/cr_startup_lpc175x_6x.o
 .debug_line    0x00002f77       0x81 ./src/crp.o
 .debug_line    0x00002ff8      0x81c ./src/main.o
 .debug_line    0x00003814      0x5f2 ./src/sysinit.o
 .debug_line    0x00003e06      0x95a C:\Users\Apipol\Documents\LPCXpresso_7.3.0_186\workspace\lpc_board_nxp_lpcxpresso_1769\Debug\liblpc_board_nxp_lpcxpresso_1769.a(board.o)
 .debug_line    0x00004760      0x61b C:\Users\Apipol\Documents\LPCXpresso_7.3.0_186\workspace\lpc_board_nxp_lpcxpresso_1769\Debug\liblpc_board_nxp_lpcxpresso_1769.a(board_sysinit.o)
 .debug_line    0x00004d7b      0x514 C:\Users\Apipol\Documents\LPCXpresso_7.3.0_186\workspace\lpc_chip_175x_6x\Debug\liblpc_chip_175x_6x.a(chip_17xx_40xx.o)
 .debug_line    0x0000528f      0x70d C:\Users\Apipol\Documents\LPCXpresso_7.3.0_186\workspace\lpc_chip_175x_6x\Debug\liblpc_chip_175x_6x.a(clock_17xx_40xx.o)
 .debug_line    0x0000599c      0x50b C:\Users\Apipol\Documents\LPCXpresso_7.3.0_186\workspace\lpc_chip_175x_6x\Debug\liblpc_chip_175x_6x.a(iocon_17xx_40xx.o)
 .debug_line    0x00005ea7      0x594 C:\Users\Apipol\Documents\LPCXpresso_7.3.0_186\workspace\lpc_chip_175x_6x\Debug\liblpc_chip_175x_6x.a(sysinit_17xx_40xx.o)
 .debug_line    0x0000643b      0x52c C:\Users\Apipol\Documents\LPCXpresso_7.3.0_186\workspace\lpc_chip_175x_6x\Debug\liblpc_chip_175x_6x.a(timer_17xx_40xx.o)
 .debug_line    0x00006967      0x7df C:\Users\Apipol\Documents\LPCXpresso_7.3.0_186\workspace\lpc_chip_175x_6x\Debug\liblpc_chip_175x_6x.a(uart_17xx_40xx.o)
 .debug_line    0x00007146      0x101 d:/program/lpcxpresso_7.3.0_186/lpcxpresso/tools/bin/../lib/gcc/arm-none-eabi/4.8.4/../../../../arm-none-eabi/lib/armv7-m\libcr_newlib_nohost.a(_cr_sbrk.o)
 .debug_line    0x00007247       0x3e d:/program/lpcxpresso_7.3.0_186/lpcxpresso/tools/bin/../lib/gcc/arm-none-eabi/4.8.4/../../../../arm-none-eabi/lib/armv7-m\libcr_newlib_nohost.a(_exit.o)
 .debug_line    0x00007285       0x40 d:/program/lpcxpresso_7.3.0_186/lpcxpresso/tools/bin/../lib/gcc/arm-none-eabi/4.8.4/../../../../arm-none-eabi/lib/armv7-m\libcr_newlib_nohost.a(close.o)
 .debug_line    0x000072c5       0xa8 d:/program/lpcxpresso_7.3.0_186/lpcxpresso/tools/bin/../lib/gcc/arm-none-eabi/4.8.4/../../../../arm-none-eabi/lib/armv7-m\libcr_newlib_nohost.a(fstat.o)
 .debug_line    0x0000736d       0x41 d:/program/lpcxpresso_7.3.0_186/lpcxpresso/tools/bin/../lib/gcc/arm-none-eabi/4.8.4/../../../../arm-none-eabi/lib/armv7-m\libcr_newlib_nohost.a(getpid.o)
 .debug_line    0x000073ae       0x41 d:/program/lpcxpresso_7.3.0_186/lpcxpresso/tools/bin/../lib/gcc/arm-none-eabi/4.8.4/../../../../arm-none-eabi/lib/armv7-m\libcr_newlib_nohost.a(isatty.o)
 .debug_line    0x000073ef       0x3f d:/program/lpcxpresso_7.3.0_186/lpcxpresso/tools/bin/../lib/gcc/arm-none-eabi/4.8.4/../../../../arm-none-eabi/lib/armv7-m\libcr_newlib_nohost.a(kill.o)
 .debug_line    0x0000742e       0x40 d:/program/lpcxpresso_7.3.0_186/lpcxpresso/tools/bin/../lib/gcc/arm-none-eabi/4.8.4/../../../../arm-none-eabi/lib/armv7-m\libcr_newlib_nohost.a(lseek.o)
 .debug_line    0x0000746e       0x3f d:/program/lpcxpresso_7.3.0_186/lpcxpresso/tools/bin/../lib/gcc/arm-none-eabi/4.8.4/../../../../arm-none-eabi/lib/armv7-m\libcr_newlib_nohost.a(read.o)
 .debug_line    0x000074ad       0x40 d:/program/lpcxpresso_7.3.0_186/lpcxpresso/tools/bin/../lib/gcc/arm-none-eabi/4.8.4/../../../../arm-none-eabi/lib/armv7-m\libcr_newlib_nohost.a(write.o)
 .debug_line    0x000074ed       0x4d d:/program/lpcxpresso_7.3.0_186/lpcxpresso/tools/bin/../lib/gcc/arm-none-eabi/4.8.4/../../../../arm-none-eabi/lib/armv7-m\libcr_newlib_nohost.a(_cr_check_heap.o)

.debug_str      0x00000000    0x1666e
 .debug_str     0x00000000    0x11c0d ./src/util/rgb_led.o
                              0x11e52 (size before relaxing)
 .debug_str     0x00011c0d       0x7f ./src/util/segment7.o
                              0x11df6 (size before relaxing)
 .debug_str     0x00011c8c      0x630 ./src/util/timer.o
                              0x1209e (size before relaxing)
 .debug_str     0x000122bc      0x29e ./src/traffic_light/traffic_light.o
                               0x3306 (size before relaxing)
 .debug_str     0x0001255a      0x3b2 ./src/intersection/intersection.o
                              0x1240e (size before relaxing)
 .debug_str     0x0001290c      0x280 ./src/intersection/mode.o
                              0x12392 (size before relaxing)
 .debug_str     0x00012b8c      0x10f ./src/intersection/state.o
                              0x1222d (size before relaxing)
 .debug_str     0x00012c9b      0x1e2 ./src/cr_startup_lpc175x_6x.o
                               0x2652 (size before relaxing)
 .debug_str     0x00012e7d       0xe9 ./src/crp.o
                               0x24e4 (size before relaxing)
 .debug_str     0x00012f66      0x546 ./src/main.o
                              0x128d3 (size before relaxing)
 .debug_str     0x000134ac       0x1b ./src/sysinit.o
                              0x11c24 (size before relaxing)
 .debug_str     0x000134c7     0x1d1b C:\Users\Apipol\Documents\LPCXpresso_7.3.0_186\workspace\lpc_board_nxp_lpcxpresso_1769\Debug\liblpc_board_nxp_lpcxpresso_1769.a(board.o)
                              0x13ae4 (size before relaxing)
 .debug_str     0x000151e2      0x25c C:\Users\Apipol\Documents\LPCXpresso_7.3.0_186\workspace\lpc_board_nxp_lpcxpresso_1769\Debug\liblpc_board_nxp_lpcxpresso_1769.a(board_sysinit.o)
                              0x12053 (size before relaxing)
 .debug_str     0x0001543e      0x12c C:\Users\Apipol\Documents\LPCXpresso_7.3.0_186\workspace\lpc_chip_175x_6x\Debug\liblpc_chip_175x_6x.a(chip_17xx_40xx.o)
                               0xfed9 (size before relaxing)
 .debug_str     0x0001556a      0x7cd C:\Users\Apipol\Documents\LPCXpresso_7.3.0_186\workspace\lpc_chip_175x_6x\Debug\liblpc_chip_175x_6x.a(clock_17xx_40xx.o)
                              0x104bd (size before relaxing)
 .debug_str     0x00015d37       0x4a C:\Users\Apipol\Documents\LPCXpresso_7.3.0_186\workspace\lpc_chip_175x_6x\Debug\liblpc_chip_175x_6x.a(iocon_17xx_40xx.o)
                               0xf944 (size before relaxing)
 .debug_str     0x00015d81       0xad C:\Users\Apipol\Documents\LPCXpresso_7.3.0_186\workspace\lpc_chip_175x_6x\Debug\liblpc_chip_175x_6x.a(sysinit_17xx_40xx.o)
                               0xfb8d (size before relaxing)
 .debug_str     0x00015e2e      0x131 C:\Users\Apipol\Documents\LPCXpresso_7.3.0_186\workspace\lpc_chip_175x_6x\Debug\liblpc_chip_175x_6x.a(timer_17xx_40xx.o)
                               0xfcaf (size before relaxing)
 .debug_str     0x00015f5f      0x3d8 C:\Users\Apipol\Documents\LPCXpresso_7.3.0_186\workspace\lpc_chip_175x_6x\Debug\liblpc_chip_175x_6x.a(uart_17xx_40xx.o)
                              0x1044e (size before relaxing)
 .debug_str     0x00016337      0x178 d:/program/lpcxpresso_7.3.0_186/lpcxpresso/tools/bin/../lib/gcc/arm-none-eabi/4.8.4/../../../../arm-none-eabi/lib/armv7-m\libcr_newlib_nohost.a(_cr_sbrk.o)
                                0x211 (size before relaxing)
 .debug_str     0x000164af       0x15 d:/program/lpcxpresso_7.3.0_186/lpcxpresso/tools/bin/../lib/gcc/arm-none-eabi/4.8.4/../../../../arm-none-eabi/lib/armv7-m\libcr_newlib_nohost.a(_exit.o)
                                0x117 (size before relaxing)
 .debug_str     0x000164c4       0x1d d:/program/lpcxpresso_7.3.0_186/lpcxpresso/tools/bin/../lib/gcc/arm-none-eabi/4.8.4/../../../../arm-none-eabi/lib/armv7-m\libcr_newlib_nohost.a(close.o)
                                0x1b7 (size before relaxing)
 .debug_str     0x000164e1       0xe6 d:/program/lpcxpresso_7.3.0_186/lpcxpresso/tools/bin/../lib/gcc/arm-none-eabi/4.8.4/../../../../arm-none-eabi/lib/armv7-m\libcr_newlib_nohost.a(fstat.o)
                                0x2a4 (size before relaxing)
 .debug_str     0x000165c7       0x18 d:/program/lpcxpresso_7.3.0_186/lpcxpresso/tools/bin/../lib/gcc/arm-none-eabi/4.8.4/../../../../arm-none-eabi/lib/armv7-m\libcr_newlib_nohost.a(getpid.o)
                                0x1b2 (size before relaxing)
 .debug_str     0x000165df       0x1d d:/program/lpcxpresso_7.3.0_186/lpcxpresso/tools/bin/../lib/gcc/arm-none-eabi/4.8.4/../../../../arm-none-eabi/lib/armv7-m\libcr_newlib_nohost.a(isatty.o)
                                0x1b7 (size before relaxing)
 .debug_str     0x000165fc       0x14 d:/program/lpcxpresso_7.3.0_186/lpcxpresso/tools/bin/../lib/gcc/arm-none-eabi/4.8.4/../../../../arm-none-eabi/lib/armv7-m\libcr_newlib_nohost.a(kill.o)
                                0x1ae (size before relaxing)
 .debug_str     0x00016610       0x16 d:/program/lpcxpresso_7.3.0_186/lpcxpresso/tools/bin/../lib/gcc/arm-none-eabi/4.8.4/../../../../arm-none-eabi/lib/armv7-m\libcr_newlib_nohost.a(lseek.o)
                                0x1b5 (size before relaxing)
 .debug_str     0x00016626       0x14 d:/program/lpcxpresso_7.3.0_186/lpcxpresso/tools/bin/../lib/gcc/arm-none-eabi/4.8.4/../../../../arm-none-eabi/lib/armv7-m\libcr_newlib_nohost.a(read.o)
                                0x1b3 (size before relaxing)
 .debug_str     0x0001663a        0xf d:/program/lpcxpresso_7.3.0_186/lpcxpresso/tools/bin/../lib/gcc/arm-none-eabi/4.8.4/../../../../arm-none-eabi/lib/armv7-m\libcr_newlib_nohost.a(write.o)
                                0x1b5 (size before relaxing)
 .debug_str     0x00016649       0x25 d:/program/lpcxpresso_7.3.0_186/lpcxpresso/tools/bin/../lib/gcc/arm-none-eabi/4.8.4/../../../../arm-none-eabi/lib/armv7-m\libcr_newlib_nohost.a(_cr_check_heap.o)
                                0x15f (size before relaxing)

.comment        0x00000000       0xe0
 .comment       0x00000000       0x70 ./src/util/rgb_led.o
                                 0x71 (size before relaxing)
 .comment       0x00000000       0x71 ./src/util/segment7.o
 .comment       0x00000000       0x71 ./src/util/timer.o
 .comment       0x00000000       0x71 ./src/traffic_light/traffic_light.o
 .comment       0x00000000       0x71 ./src/intersection/intersection.o
 .comment       0x00000000       0x71 ./src/intersection/mode.o
 .comment       0x00000000       0x71 ./src/intersection/state.o
 .comment       0x00000000       0x71 ./src/cr_startup_lpc175x_6x.o
 .comment       0x00000000       0x71 ./src/crp.o
 .comment       0x00000000       0x71 ./src/main.o
 .comment       0x00000000       0x71 ./src/sysinit.o
 .comment       0x00000000       0x71 C:\Users\Apipol\Documents\LPCXpresso_7.3.0_186\workspace\lpc_board_nxp_lpcxpresso_1769\Debug\liblpc_board_nxp_lpcxpresso_1769.a(board.o)
 .comment       0x00000000       0x71 C:\Users\Apipol\Documents\LPCXpresso_7.3.0_186\workspace\lpc_board_nxp_lpcxpresso_1769\Debug\liblpc_board_nxp_lpcxpresso_1769.a(board_sysinit.o)
 .comment       0x00000000       0x71 C:\Users\Apipol\Documents\LPCXpresso_7.3.0_186\workspace\lpc_chip_175x_6x\Debug\liblpc_chip_175x_6x.a(chip_17xx_40xx.o)
 .comment       0x00000000       0x71 C:\Users\Apipol\Documents\LPCXpresso_7.3.0_186\workspace\lpc_chip_175x_6x\Debug\liblpc_chip_175x_6x.a(clock_17xx_40xx.o)
 .comment       0x00000000       0x71 C:\Users\Apipol\Documents\LPCXpresso_7.3.0_186\workspace\lpc_chip_175x_6x\Debug\liblpc_chip_175x_6x.a(iocon_17xx_40xx.o)
 .comment       0x00000000       0x71 C:\Users\Apipol\Documents\LPCXpresso_7.3.0_186\workspace\lpc_chip_175x_6x\Debug\liblpc_chip_175x_6x.a(sysinit_17xx_40xx.o)
 .comment       0x00000000       0x71 C:\Users\Apipol\Documents\LPCXpresso_7.3.0_186\workspace\lpc_chip_175x_6x\Debug\liblpc_chip_175x_6x.a(timer_17xx_40xx.o)
 .comment       0x00000000       0x71 C:\Users\Apipol\Documents\LPCXpresso_7.3.0_186\workspace\lpc_chip_175x_6x\Debug\liblpc_chip_175x_6x.a(uart_17xx_40xx.o)
 .comment       0x00000070       0x70 d:/program/lpcxpresso_7.3.0_186/lpcxpresso/tools/bin/../lib/gcc/arm-none-eabi/4.8.4/../../../../arm-none-eabi/lib/armv7-m\libcr_newlib_nohost.a(_cr_sbrk.o)
                                 0x71 (size before relaxing)
 .comment       0x00000000       0x71 d:/program/lpcxpresso_7.3.0_186/lpcxpresso/tools/bin/../lib/gcc/arm-none-eabi/4.8.4/../../../../arm-none-eabi/lib/armv7-m\libcr_newlib_nohost.a(_exit.o)
 .comment       0x00000000       0x71 d:/program/lpcxpresso_7.3.0_186/lpcxpresso/tools/bin/../lib/gcc/arm-none-eabi/4.8.4/../../../../arm-none-eabi/lib/armv7-m\libcr_newlib_nohost.a(close.o)
 .comment       0x00000000       0x71 d:/program/lpcxpresso_7.3.0_186/lpcxpresso/tools/bin/../lib/gcc/arm-none-eabi/4.8.4/../../../../arm-none-eabi/lib/armv7-m\libcr_newlib_nohost.a(fstat.o)
 .comment       0x00000000       0x71 d:/program/lpcxpresso_7.3.0_186/lpcxpresso/tools/bin/../lib/gcc/arm-none-eabi/4.8.4/../../../../arm-none-eabi/lib/armv7-m\libcr_newlib_nohost.a(getpid.o)
 .comment       0x00000000       0x71 d:/program/lpcxpresso_7.3.0_186/lpcxpresso/tools/bin/../lib/gcc/arm-none-eabi/4.8.4/../../../../arm-none-eabi/lib/armv7-m\libcr_newlib_nohost.a(isatty.o)
 .comment       0x00000000       0x71 d:/program/lpcxpresso_7.3.0_186/lpcxpresso/tools/bin/../lib/gcc/arm-none-eabi/4.8.4/../../../../arm-none-eabi/lib/armv7-m\libcr_newlib_nohost.a(kill.o)
 .comment       0x00000000       0x71 d:/program/lpcxpresso_7.3.0_186/lpcxpresso/tools/bin/../lib/gcc/arm-none-eabi/4.8.4/../../../../arm-none-eabi/lib/armv7-m\libcr_newlib_nohost.a(lseek.o)
 .comment       0x00000000       0x71 d:/program/lpcxpresso_7.3.0_186/lpcxpresso/tools/bin/../lib/gcc/arm-none-eabi/4.8.4/../../../../arm-none-eabi/lib/armv7-m\libcr_newlib_nohost.a(read.o)
 .comment       0x00000000       0x71 d:/program/lpcxpresso_7.3.0_186/lpcxpresso/tools/bin/../lib/gcc/arm-none-eabi/4.8.4/../../../../arm-none-eabi/lib/armv7-m\libcr_newlib_nohost.a(write.o)
 .comment       0x00000000       0x71 d:/program/lpcxpresso_7.3.0_186/lpcxpresso/tools/bin/../lib/gcc/arm-none-eabi/4.8.4/../../../../arm-none-eabi/lib/armv7-m\libcr_newlib_nohost.a(_cr_check_heap.o)

.ARM.attributes
                0x00000000       0x31
 .ARM.attributes
                0x00000000       0x33 ./src/util/rgb_led.o
 .ARM.attributes
                0x00000033       0x33 ./src/util/segment7.o
 .ARM.attributes
                0x00000066       0x33 ./src/util/timer.o
 .ARM.attributes
                0x00000099       0x33 ./src/traffic_light/traffic_light.o
 .ARM.attributes